 mcubes

 Timestamp is 66adfc0e (Sat Aug  3 12:44:46 2024)

 Preferred load address is 0000000140000000

 Start         Length     Name                   Class
 0001:00000000 00043b00H .text$mn                CODE
 0001:00043b00 00000036H .text$mn$00             CODE
 0001:00043b36 00000036H .text$x                 CODE
 0002:00000000 00000708H .idata$5                DATA
 0002:00000708 00000038H .00cfg                  DATA
 0002:00000740 00000008H .CRT$XCA                DATA
 0002:00000748 00000008H .CRT$XCAA               DATA
 0002:00000750 00000008H .CRT$XCZ                DATA
 0002:00000758 00000008H .CRT$XIA                DATA
 0002:00000760 00000008H .CRT$XIAA               DATA
 0002:00000768 00000008H .CRT$XIAC               DATA
 0002:00000770 00000008H .CRT$XIZ                DATA
 0002:00000778 00000008H .CRT$XPA                DATA
 0002:00000780 00000008H .CRT$XPZ                DATA
 0002:00000788 00000008H .CRT$XTA                DATA
 0002:00000790 00000010H .CRT$XTZ                DATA
 0002:00000798 00000000H .gehcont$y              DATA
 0002:00000798 00000000H .gfids$y                DATA
 0002:000007a0 00040be0H .rdata                  DATA
 0002:00041380 00000000H .rdata$CastGuardVftablesA DATA
 0002:00041380 00000000H .rdata$CastGuardVftablesC DATA
 0002:00041380 00000080H .rdata$voltmd           DATA
 0002:00041400 000002c8H .rdata$zzzdbg           DATA
 0002:000416c8 00000008H .rtc$IAA                DATA
 0002:000416d0 00000008H .rtc$IZZ                DATA
 0002:000416d8 00000008H .rtc$TAA                DATA
 0002:000416e0 00000008H .rtc$TZZ                DATA
 0002:000416e8 0000359cH .xdata                  DATA
 0002:00044c84 00000000H .edata                  DATA
 0002:00044c84 00000140H .idata$2                DATA
 0002:00044dc4 00000014H .idata$3                DATA
 0002:00044dd8 00000708H .idata$4                DATA
 0002:000454e0 00000f7cH .idata$6                DATA
 0003:00000000 00008470H .data                   DATA
 0003:00008470 0000ec58H .bss                    DATA
 0004:00000000 000026d0H .pdata                  DATA

  Address         Publics by Value              Rva+Base               Lib:Object

 0000:00000000       __AbsoluteZero             0000000000000000     <absolute>
 0000:00000000       ___safe_se_handler_count   0000000000000000     <absolute>
 0000:00000000       ___safe_se_handler_table   0000000000000000     <absolute>
 0000:00000000       __arm64x_extra_rfe_table   0000000000000000     <absolute>
 0000:00000000       __arm64x_extra_rfe_table_size 0000000000000000     <absolute>
 0000:00000000       __arm64x_native_entrypoint 0000000000000000     <absolute>
 0000:00000000       __arm64x_redirection_metadata 0000000000000000     <absolute>
 0000:00000000       __arm64x_redirection_metadata_count 0000000000000000     <absolute>
 0000:00000000       __dynamic_value_reloc_table 0000000000000000     <absolute>
 0000:00000000       __enclave_config           0000000000000000     <absolute>
 0000:00000000       __guard_check_icall_a64n_fptr 0000000000000000     <absolute>
 0000:00000000       __guard_eh_cont_count      0000000000000000     <absolute>
 0000:00000000       __guard_eh_cont_table      0000000000000000     <absolute>
 0000:00000000       __guard_fids_count         0000000000000000     <absolute>
 0000:00000000       __guard_fids_table         0000000000000000     <absolute>
 0000:00000000       __guard_iat_count          0000000000000000     <absolute>
 0000:00000000       __guard_iat_table          0000000000000000     <absolute>
 0000:00000000       __guard_longjmp_count      0000000000000000     <absolute>
 0000:00000000       __guard_longjmp_table      0000000000000000     <absolute>
 0000:00000000       __hybrid_auxiliary_delayload_iat 0000000000000000     <absolute>
 0000:00000000       __hybrid_auxiliary_delayload_iat_copy 0000000000000000     <absolute>
 0000:00000000       __hybrid_auxiliary_iat     0000000000000000     <absolute>
 0000:00000000       __hybrid_auxiliary_iat_copy 0000000000000000     <absolute>
 0000:00000000       __hybrid_code_map          0000000000000000     <absolute>
 0000:00000000       __hybrid_code_map_count    0000000000000000     <absolute>
 0000:00000000       __x64_code_ranges_to_entry_points 0000000000000000     <absolute>
 0000:00000000       __x64_code_ranges_to_entry_points_count 0000000000000000     <absolute>
 0000:00000100       __guard_flags              0000000000000100     <absolute>
 0000:00000000       __ImageBase                0000000140000000     <linker-defined>
 0001:00000060       ?interpolate_vertex@@YA?AUVector3@@U1@0MMM@Z 0000000140001060 f   main.obj
 0001:000017d0       ?update_camera_custom@@YAXPEAUCamera3D@@@Z 00000001400027d0 f   main.obj
 0001:00001bd0       main                       0000000140002bd0 f   main.obj
 0001:000021e0       ?Vector3Add@@YA?AUVector3@@U1@0@Z 00000001400031e0 f i main.obj
 0001:00002250       ?Vector3Scale@@YA?AUVector3@@U1@M@Z 0000000140003250 f i main.obj
 0001:000022c0       BeginDrawing               00000001400032c0 f   raylib:rcore.obj
 0001:000023e0       BeginMode3D                00000001400033e0 f   raylib:rcore.obj
 0001:000027c0       CameraMoveForward          00000001400037c0 f   raylib:rcore.obj
 0001:00002920       CameraMoveRight            0000000140003920 f   raylib:rcore.obj
 0001:00002a80       CameraMoveToTarget         0000000140003a80 f   raylib:rcore.obj
 0001:00002b80       CameraMoveUp               0000000140003b80 f   raylib:rcore.obj
 0001:00002c40       CameraPitch                0000000140003c40 f   raylib:rcore.obj
 0001:00003010       CameraRoll                 0000000140004010 f   raylib:rcore.obj
 0001:00003090       CameraYaw                  0000000140004090 f   raylib:rcore.obj
 0001:00003200       ClearBackground            0000000140004200 f   raylib:rcore.obj
 0001:00003280       DisableCursor              0000000140004280 f   raylib:rcore.obj
 0001:00003300       EndDrawing                 0000000140004300 f   raylib:rcore.obj
 0001:000036f0       EndMode3D                  00000001400046f0 f   raylib:rcore.obj
 0001:000038a0       GetCameraForward           00000001400048a0 f   raylib:rcore.obj
 0001:00003980       GetCameraRight             0000000140004980 f   raylib:rcore.obj
 0001:00003a30       GetCameraUp                0000000140004a30 f   raylib:rcore.obj
 0001:00003b00       GetCurrentMonitor          0000000140004b00 f   raylib:rcore.obj
 0001:00003cc0       GetMouseDelta              0000000140004cc0 f   raylib:rcore.obj
 0001:00003cf0       GetMouseWheelMove          0000000140004cf0 f   raylib:rcore.obj
 0001:00003d20       GetWindowScaleDPI          0000000140004d20 f   raylib:rcore.obj
 0001:00003e50       InitPlatform               0000000140004e50 f   raylib:rcore.obj
 0001:000046d0       InitWindow                 00000001400056d0 f   raylib:rcore.obj
 0001:00004b10       IsFileExtension            0000000140005b10 f   raylib:rcore.obj
 0001:00004c00       IsGamepadAvailable         0000000140005c00 f   raylib:rcore.obj
 0001:00004c30       IsKeyDown                  0000000140005c30 f   raylib:rcore.obj
 0001:00004c60       IsKeyPressed               0000000140005c60 f   raylib:rcore.obj
 0001:00004ca0       IsMouseButtonDown          0000000140005ca0 f   raylib:rcore.obj
 0001:00004e00       MatrixInvert               0000000140005e00 f i raylib:rcore.obj
 0001:00005310       MatrixLookAt               0000000140006310 f i raylib:rcore.obj
 0001:000055d0       MatrixMultiply             00000001400065d0 f i raylib:rcore.obj
 0001:00005c20       PollInputEvents            0000000140006c20 f   raylib:rcore.obj
 0001:000062e0       ProcessGestureEvent        00000001400072e0 f   raylib:rcore.obj
 0001:00007400       SetConfigFlags             0000000140008400 f   raylib:rcore.obj
 0001:00007410       SetMousePosition           0000000140008410 f   raylib:rcore.obj
 0001:00007450       SetTargetFPS               0000000140008450 f   raylib:rcore.obj
 0001:00007810       TakeScreenshot             0000000140008810 f   raylib:rcore.obj
 0001:00007a10       Vector3RotateByAxisAngle   0000000140008a10 f i raylib:rcore.obj
 0001:00007d80       WindowShouldClose          0000000140008d80 f   raylib:rcore.obj
 0001:00007e40       __local_stdio_printf_options 0000000140008e40 f i raylib:rcore.obj
 0001:00007e50       __local_stdio_scanf_options 0000000140008e50 f i raylib:rcore.obj
 0001:00007e60       gladLoadGLUserPtr          0000000140008e60 f   raylib:rcore.obj
 0001:00014580       msf_gif_begin              0000000140015580 f   raylib:rcore.obj
 0001:000146a0       msf_gif_end                00000001400156a0 f   raylib:rcore.obj
 0001:000147d0       msf_gif_frame              00000001400157d0 f   raylib:rcore.obj
 0001:000149a0       rlActiveTextureSlot        00000001400159a0 f   raylib:rcore.obj
 0001:000149b0       rlBegin                    00000001400159b0 f   raylib:rcore.obj
 0001:00014ae0       rlCheckRenderBatchLimit    0000000140015ae0 f   raylib:rcore.obj
 0001:00014b80       rlColor4ub                 0000000140015b80 f   raylib:rcore.obj
 0001:00014ba0       rlDisableShader            0000000140015ba0 f   raylib:rcore.obj
 0001:00014bb0       rlDisableTexture           0000000140015bb0 f   raylib:rcore.obj
 0001:00014bc0       rlDisableTextureCubemap    0000000140015bc0 f   raylib:rcore.obj
 0001:00014bd0       rlDisableVertexArray       0000000140015bd0 f   raylib:rcore.obj
 0001:00014bf0       rlDisableVertexAttribute   0000000140015bf0 f   raylib:rcore.obj
 0001:00014c00       rlDisableVertexBuffer      0000000140015c00 f   raylib:rcore.obj
 0001:00014c10       rlDisableVertexBufferElement 0000000140015c10 f   raylib:rcore.obj
 0001:00014c20       rlDrawRenderBatch          0000000140015c20 f   raylib:rcore.obj
 0001:000154d0       rlDrawVertexArray          00000001400164d0 f   raylib:rcore.obj
 0001:000154f0       rlDrawVertexArrayElements  00000001400164f0 f   raylib:rcore.obj
 0001:00015510       rlEnableShader             0000000140016510 f   raylib:rcore.obj
 0001:00015520       rlEnableTexture            0000000140016520 f   raylib:rcore.obj
 0001:00015530       rlEnableTextureCubemap     0000000140016530 f   raylib:rcore.obj
 0001:00015540       rlEnableVertexArray        0000000140016540 f   raylib:rcore.obj
 0001:00015570       rlEnableVertexAttribute    0000000140016570 f   raylib:rcore.obj
 0001:00015580       rlEnableVertexBuffer       0000000140016580 f   raylib:rcore.obj
 0001:00015590       rlEnableVertexBufferElement 0000000140016590 f   raylib:rcore.obj
 0001:000155a0       rlEnd                      00000001400165a0 f   raylib:rcore.obj
 0001:000155c0       rlGetFramebufferHeight     00000001400165c0 f   raylib:rcore.obj
 0001:000155d0       rlGetFramebufferWidth      00000001400165d0 f   raylib:rcore.obj
 0001:000155e0       rlGetGlTextureFormats      00000001400165e0 f   raylib:rcore.obj
 0001:00015890       rlGetMatrixModelview       0000000140016890 f   raylib:rcore.obj
 0001:000158c0       rlGetMatrixProjection      00000001400168c0 f   raylib:rcore.obj
 0001:000158f0       rlGetMatrixProjectionStereo 00000001400168f0 f   raylib:rcore.obj
 0001:00015930       rlGetMatrixTransform       0000000140016930 f   raylib:rcore.obj
 0001:00015960       rlGetMatrixViewOffsetStereo 0000000140016960 f   raylib:rcore.obj
 0001:00015ac0       rlGetShaderIdDefault       0000000140016ac0 f   raylib:rcore.obj
 0001:00015ad0       rlGetShaderLocsDefault     0000000140016ad0 f   raylib:rcore.obj
 0001:00015ae0       rlGetTextureIdDefault      0000000140016ae0 f   raylib:rcore.obj
 0001:00015af0       rlIsStereoRenderEnabled    0000000140016af0 f   raylib:rcore.obj
 0001:00015b00       rlLoadExtensions           0000000140016b00 f   raylib:rcore.obj
 0001:00015d70       rlLoadIdentity             0000000140016d70 f   raylib:rcore.obj
 0001:00015e30       rlLoadRenderBatch          0000000140016e30 f   raylib:rcore.obj
 0001:000166b0       rlLoadShaderProgram        00000001400176b0 f   raylib:rcore.obj
 0001:00016850       rlLoadTexture              0000000140017850 f   raylib:rcore.obj
 0001:00016d80       rlLoadVertexArray          0000000140017d80 f   raylib:rcore.obj
 0001:00016dc0       rlLoadVertexBuffer         0000000140017dc0 f   raylib:rcore.obj
 0001:00016e40       rlLoadVertexBufferElement  0000000140017e40 f   raylib:rcore.obj
 0001:000172d0       rlMultMatrixf              00000001400182d0 f   raylib:rcore.obj
 0001:00017400       rlNormal3f                 0000000140018400 f   raylib:rcore.obj
 0001:00017420       rlOrtho                    0000000140018420 f   raylib:rcore.obj
 0001:000175f0       rlPopMatrix                00000001400185f0 f   raylib:rcore.obj
 0001:00017670       rlPushMatrix               0000000140018670 f   raylib:rcore.obj
 0001:00017700       rlReadScreenPixels         0000000140018700 f   raylib:rcore.obj
 0001:00017820       rlSetMatrixModelview       0000000140018820 f   raylib:rcore.obj
 0001:00017850       rlSetMatrixProjection      0000000140018850 f   raylib:rcore.obj
 0001:00017880       rlSetTexture               0000000140018880 f   raylib:rcore.obj
 0001:000179d0       rlSetUniform               00000001400189d0 f   raylib:rcore.obj
 0001:00017a90       rlSetUniformMatrix         0000000140018a90 f   raylib:rcore.obj
 0001:00017b80       rlSetVertexAttribute       0000000140018b80 f   raylib:rcore.obj
 0001:00017b90       rlSetVertexAttributeDefault 0000000140018b90 f   raylib:rcore.obj
 0001:00017bf0       rlTexCoord2f               0000000140018bf0 f   raylib:rcore.obj
 0001:00017c10       rlTranslatef               0000000140018c10 f   raylib:rcore.obj
 0001:00017d00       rlVertex2f                 0000000140018d00 f   raylib:rcore.obj
 0001:00017d20       rlVertex3f                 0000000140018d20 f   raylib:rcore.obj
 0001:00018060       rlViewport                 0000000140019060 f   raylib:rcore.obj
 0001:00018070       rlglInit                   0000000140019070 f   raylib:rcore.obj
 0001:00018780       sprintf                    0000000140019780 f i raylib:rcore.obj
 0001:000187e0       sscanf                     00000001400197e0 f i raylib:rcore.obj
 0001:00018840       sscanf_s                   0000000140019840 f i raylib:rcore.obj
 0001:0002c7d0       DrawTexturePro             000000014002d7d0 f   raylib:rtextures.obj
 0001:0002cbd0       ExportImage                000000014002dbd0 f   raylib:rtextures.obj
 0001:0002ce90       GetColor                   000000014002de90 f   raylib:rtextures.obj
 0001:0002cec0       GetPixelDataSize           000000014002dec0 f   raylib:rtextures.obj
 0001:0002cfe0       ImageFromImage             000000014002dfe0 f   raylib:rtextures.obj
 0001:0002d0e0       LoadImageColors            000000014002e0e0 f   raylib:rtextures.obj
 0001:0002d990       LoadTextureFromImage       000000014002e990 f   raylib:rtextures.obj
 0001:0002da20       UnloadImage                000000014002ea20 f   raylib:rtextures.obj
 0001:0002da30       qoi_encode                 000000014002ea30 f   raylib:rtextures.obj
 0001:0002de20       stbi_write_png_to_mem      000000014002ee20 f   raylib:rtextures.obj
 0001:0002e4b0       stbi_zlib_compress         000000014002f4b0 f   raylib:rtextures.obj
 0001:0002fa10       DrawCubeWires              0000000140030a10 f   raylib:rmodels.obj
 0001:0002fca0       DrawMesh                   0000000140030ca0 f   raylib:rmodels.obj
 0001:00030610       DrawModel                  0000000140031610 f   raylib:rmodels.obj
 0001:000306d0       DrawModelEx                00000001400316d0 f   raylib:rmodels.obj
 0001:00030cb0       LoadModelFromMesh          0000000140031cb0 f   raylib:rmodels.obj
 0001:00030e40       UploadMesh                 0000000140031e40 f   raylib:rmodels.obj
 0001:000311d0       SaveFileData               00000001400321d0 f   raylib:utils.obj
 0001:000312d0       TraceLog                   00000001400322d0 f   raylib:utils.obj
 0001:000314b0       DrawCircle                 00000001400324b0 f   raylib:rshapes.obj
 0001:000314f0       DrawCircleSector           00000001400324f0 f   raylib:rshapes.obj
 0001:00031a60       SetShapesTexture           0000000140032a60 f   raylib:rshapes.obj
 0001:00031ad0       DrawText                   0000000140032ad0 f   raylib:rtext.obj
 0001:00031b80       DrawTextCodepoint          0000000140032b80 f   raylib:rtext.obj
 0001:00031d50       DrawTextEx                 0000000140032d50 f   raylib:rtext.obj
 0001:00031fe0       GetCodepointNext           0000000140032fe0 f   raylib:rtext.obj
 0001:000320f0       GetFontDefault             00000001400330f0 f   raylib:rtext.obj
 0001:00032120       LoadFontDefault            0000000140033120 f   raylib:rtext.obj
 0001:00032730       TextFormat                 0000000140033730 f   raylib:rtext.obj
 0001:00032800       TextSplit                  0000000140033800 f   raylib:rtext.obj
 0001:000328f0       TextToLower                00000001400338f0 f   raylib:rtext.obj
 0001:00032960       _glfwConnectWin32          0000000140033960 f   raylib:rglfw.obj
 0001:00032d70       _glfwAllocJoystick         0000000140033d70 f   raylib:rglfw.obj
 0001:00032f70       _glfwCenterCursorInContentArea 0000000140033f70 f   raylib:rglfw.obj
 0001:00032fc0       _glfwChooseFBConfig        0000000140033fc0 f   raylib:rglfw.obj
 0001:000331b0       _glfwChooseVideoMode       00000001400341b0 f   raylib:rglfw.obj
 0001:000333c0       _glfwCreateContextEGL      00000001400343c0 f   raylib:rglfw.obj
 0001:00033900       _glfwCreateContextOSMesa   0000000140034900 f   raylib:rglfw.obj
 0001:00033b40       _glfwCreateContextWGL      0000000140034b40 f   raylib:rglfw.obj
 0001:00033fc0       _glfwCreateCursorWin32     0000000140034fc0 f   raylib:rglfw.obj
 0001:00034000       _glfwCreateStandardCursorWin32 0000000140035000 f   raylib:rglfw.obj
 0001:00034100       _glfwCreateUTF8FromWideStringWin32 0000000140035100 f   raylib:rglfw.obj
 0001:00034210       _glfwCreateWideStringFromUTF8Win32 0000000140035210 f   raylib:rglfw.obj
 0001:00034340       _glfwCreateWindowSurfaceWin32 0000000140035340 f   raylib:rglfw.obj
 0001:00034410       _glfwCreateWindowWin32     0000000140035410 f   raylib:rglfw.obj
 0001:000347a0       _glfwDestroyCursorWin32    00000001400357a0 f   raylib:rglfw.obj
 0001:000347c0       _glfwDestroyWindowWin32    00000001400357c0 f   raylib:rglfw.obj
 0001:00034880       _glfwDetectJoystickConnectionWin32 0000000140035880 f   raylib:rglfw.obj
 0001:00034ad0       _glfwFocusWindowWin32      0000000140035ad0 f   raylib:rglfw.obj
 0001:00034b10       _glfwFramebufferTransparentWin32 0000000140035b10 f   raylib:rglfw.obj
 0001:00034b90       _glfwFreeGammaArrays       0000000140035b90 f   raylib:rglfw.obj
 0001:00034bf0       _glfwFreeMonitorWin32      0000000140035bf0 f   raylib:rglfw.obj
 0001:00034c00       _glfwGetClipboardStringWin32 0000000140035c00 f   raylib:rglfw.obj
 0001:00034d00       _glfwGetCursorPosWin32     0000000140035d00 f   raylib:rglfw.obj
 0001:00034d70       _glfwGetEGLNativeDisplayWin32 0000000140035d70 f   raylib:rglfw.obj
 0001:00034d80       _glfwGetEGLNativeWindowWin32 0000000140035d80 f   raylib:rglfw.obj
 0001:00034d90       _glfwGetEGLPlatformWin32   0000000140035d90 f   raylib:rglfw.obj
 0001:00034e80       _glfwGetFramebufferSizeWin32 0000000140035e80 f   raylib:rglfw.obj
 0001:00034e80       _glfwGetWindowSizeWin32    0000000140035e80 f   raylib:rglfw.obj
 0001:00034ee0       _glfwGetGammaRampWin32     0000000140035ee0 f   raylib:rglfw.obj
 0001:00035140       _glfwGetKeyScancodeWin32   0000000140036140 f   raylib:rglfw.obj
 0001:00035150       _glfwGetMappingNameWin32   0000000140036150 f   raylib:rglfw.obj
 0001:00035160       _glfwGetMonitorContentScaleWin32 0000000140036160 f   raylib:rglfw.obj
 0001:00035260       _glfwGetMonitorPosWin32    0000000140036260 f   raylib:rglfw.obj
 0001:00035300       _glfwGetMonitorWorkareaWin32 0000000140036300 f   raylib:rglfw.obj
 0001:000353a0       _glfwGetPhysicalDevicePresentationSupportWin32 00000001400363a0 f   raylib:rglfw.obj
 0001:00035400       _glfwGetRequiredInstanceExtensionsWin32 0000000140036400 f   raylib:rglfw.obj
 0001:00035430       _glfwGetScancodeNameWin32  0000000140036430 f   raylib:rglfw.obj
 0001:00035480       _glfwGetVideoModeWin32     0000000140036480 f   raylib:rglfw.obj
 0001:00035570       _glfwGetVideoModesWin32    0000000140036570 f   raylib:rglfw.obj
 0001:000358f0       _glfwGetVulkanResultString 00000001400368f0 f   raylib:rglfw.obj
 0001:00035a60       _glfwGetWindowContentScaleWin32 0000000140036a60 f   raylib:rglfw.obj
 0001:00035b70       _glfwGetWindowFrameSizeWin32 0000000140036b70 f   raylib:rglfw.obj
 0001:00035d30       _glfwGetWindowOpacityWin32 0000000140036d30 f   raylib:rglfw.obj
 0001:00035da0       _glfwGetWindowPosWin32     0000000140036da0 f   raylib:rglfw.obj
 0001:00035df0       _glfwHideWindowWin32       0000000140036df0 f   raylib:rglfw.obj
 0001:00035e00       _glfwIconifyWindowWin32    0000000140036e00 f   raylib:rglfw.obj
 0001:00035e20       _glfwInitEGL               0000000140036e20 f   raylib:rglfw.obj
 0001:00036890       _glfwInitJoysticksWin32    0000000140037890 f   raylib:rglfw.obj
 0001:00036900       _glfwInitWGL               0000000140037900 f   raylib:rglfw.obj
 0001:00036cb0       _glfwInitWin32             0000000140037cb0 f   raylib:rglfw.obj
 0001:00036f30       _glfwInputChar             0000000140037f30 f   raylib:rglfw.obj
 0001:00036fa0       _glfwInputCursorPos        0000000140037fa0 f   raylib:rglfw.obj
 0001:00036fe0       _glfwInputError            0000000140037fe0 f   raylib:rglfw.obj
 0001:000374a0       _glfwInputErrorWin32       00000001400384a0 f   raylib:rglfw.obj
 0001:000375b0       _glfwInputKey              00000001400385b0 f   raylib:rglfw.obj
 0001:00037630       _glfwInputMonitor          0000000140038630 f   raylib:rglfw.obj
 0001:000378c0       _glfwInputMouseClick       00000001400388c0 f   raylib:rglfw.obj
 0001:00037910       _glfwInputWindowFocus      0000000140038910 f   raylib:rglfw.obj
 0001:00037b60       _glfwIsValidContextConfig  0000000140038b60 f   raylib:rglfw.obj
 0001:00037da0       _glfwIsWindows10BuildOrGreaterWin32 0000000140038da0 f   raylib:rglfw.obj
 0001:00037e50       _glfwIsWindowsVersionOrGreaterWin32 0000000140038e50 f   raylib:rglfw.obj
 0001:00037f30       _glfwMaximizeWindowWin32   0000000140038f30 f   raylib:rglfw.obj
 0001:00038160       _glfwPollEventsWin32       0000000140039160 f   raylib:rglfw.obj
 0001:00038540       _glfwPollJoystickWin32     0000000140039540 f   raylib:rglfw.obj
 0001:00038a00       _glfwPollMonitorsWin32     0000000140039a00 f   raylib:rglfw.obj
 0001:00038ed0       _glfwPostEmptyEventWin32   0000000140039ed0 f   raylib:rglfw.obj
 0001:00038ef0       _glfwRawMouseMotionSupportedWin32 0000000140039ef0 f   raylib:rglfw.obj
 0001:00038f00       _glfwRefreshContextAttribs 0000000140039f00 f   raylib:rglfw.obj
 0001:00039500       _glfwRequestWindowAttentionWin32 000000014003a500 f   raylib:rglfw.obj
 0001:00039520       _glfwRestoreWindowWin32    000000014003a520 f   raylib:rglfw.obj
 0001:00039540       _glfwSetClipboardStringWin32 000000014003a540 f   raylib:rglfw.obj
 0001:00039660       _glfwSetCursorModeWin32    000000014003a660 f   raylib:rglfw.obj
 0001:00039790       _glfwSetCursorPosWin32     000000014003a790 f   raylib:rglfw.obj
 0001:000397e0       _glfwSetCursorWin32        000000014003a7e0 f   raylib:rglfw.obj
 0001:00039810       _glfwSetGammaRampWin32     000000014003a810 f   raylib:rglfw.obj
 0001:000399f0       _glfwSetRawMouseMotionWin32 000000014003a9f0 f   raylib:rglfw.obj
 0001:00039a80       _glfwSetVideoModeWin32     000000014003aa80 f   raylib:rglfw.obj
 0001:00039c70       _glfwSetWindowAspectRatioWin32 000000014003ac70 f   raylib:rglfw.obj
 0001:00039d00       _glfwSetWindowDecoratedWin32 000000014003ad00 f   raylib:rglfw.obj
 0001:00039d00       _glfwSetWindowResizableWin32 000000014003ad00 f   raylib:rglfw.obj
 0001:00039d10       _glfwSetWindowFloatingWin32 000000014003ad10 f   raylib:rglfw.obj
 0001:00039d50       _glfwSetWindowIconWin32    000000014003ad50 f   raylib:rglfw.obj
 0001:00039eb0       _glfwSetWindowMonitorWin32 000000014003aeb0 f   raylib:rglfw.obj
 0001:0003a2b0       _glfwSetWindowMousePassthroughWin32 000000014003b2b0 f   raylib:rglfw.obj
 0001:0003a380       _glfwSetWindowOpacityWin32 000000014003b380 f   raylib:rglfw.obj
 0001:0003a420       _glfwSetWindowPosWin32     000000014003b420 f   raylib:rglfw.obj
 0001:0003a550       _glfwSetWindowSizeLimitsWin32 000000014003b550 f   raylib:rglfw.obj
 0001:0003a5e0       _glfwSetWindowSizeWin32    000000014003b5e0 f   raylib:rglfw.obj
 0001:0003a760       _glfwSetWindowTitleWin32   000000014003b760 f   raylib:rglfw.obj
 0001:0003a7b0       _glfwShowWindowWin32       000000014003b7b0 f   raylib:rglfw.obj
 0001:0003a7d0       _glfwStringInExtensionString 000000014003b7d0 f   raylib:rglfw.obj
 0001:0003a840       _glfwTerminateEGL          000000014003b840 f   raylib:rglfw.obj
 0001:0003a890       _glfwTerminateJoysticksWin32 000000014003b890 f   raylib:rglfw.obj
 0001:0003a9d0       _glfwTerminateWin32        000000014003b9d0 f   raylib:rglfw.obj
 0001:0003ab40       _glfwUpdateGamepadGUIDWin32 000000014003bb40 f   raylib:rglfw.obj
 0001:0003abb0       _glfwUpdateKeyNamesWin32   000000014003bbb0 f   raylib:rglfw.obj
 0001:0003adc0       _glfwWaitEventsTimeoutWin32 000000014003bdc0 f   raylib:rglfw.obj
 0001:0003adf0       _glfwWaitEventsWin32       000000014003bdf0 f   raylib:rglfw.obj
 0001:0003ae10       _glfwWindowFocusedWin32    000000014003be10 f   raylib:rglfw.obj
 0001:0003ae40       _glfwWindowHoveredWin32    000000014003be40 f   raylib:rglfw.obj
 0001:0003ae50       _glfwWindowIconifiedWin32  000000014003be50 f   raylib:rglfw.obj
 0001:0003ae60       _glfwWindowMaximizedWin32  000000014003be60 f   raylib:rglfw.obj
 0001:0003ae70       _glfwWindowVisibleWin32    000000014003be70 f   raylib:rglfw.obj
 0001:0003ae80       _glfw_calloc               000000014003be80 f   raylib:rglfw.obj
 0001:0003dcf0       glfwCreateWindow           000000014003ecf0 f   raylib:rglfw.obj
 0001:0003dfc0       glfwDefaultWindowHints     000000014003efc0 f   raylib:rglfw.obj
 0001:0003e0e0       glfwDestroyCursor          000000014003f0e0 f   raylib:rglfw.obj
 0001:0003e1b0       glfwDestroyWindow          000000014003f1b0 f   raylib:rglfw.obj
 0001:0003e2b0       glfwExtensionSupported     000000014003f2b0 f   raylib:rglfw.obj
 0001:0003e420       glfwGetError               000000014003f420 f   raylib:rglfw.obj
 0001:0003e480       glfwGetFramebufferSize     000000014003f480 f   raylib:rglfw.obj
 0001:0003e4b0       glfwGetGamepadState        000000014003f4b0 f   raylib:rglfw.obj
 0001:0003ec60       glfwGetJoystickName        000000014003fc60 f   raylib:rglfw.obj
 0001:0003ed10       glfwGetMonitorContentScale 000000014003fd10 f   raylib:rglfw.obj
 0001:0003ed40       glfwGetMonitorPos          000000014003fd40 f   raylib:rglfw.obj
 0001:0003ed70       glfwGetMonitorWorkarea     000000014003fd70 f   raylib:rglfw.obj
 0001:0003edc0       glfwGetMonitors            000000014003fdc0 f   raylib:rglfw.obj
 0001:0003ee00       glfwGetPrimaryMonitor      000000014003fe00 f   raylib:rglfw.obj
 0001:0003ee40       glfwGetProcAddress         000000014003fe40 f   raylib:rglfw.obj
 0001:0003eea0       glfwGetTime                000000014003fea0 f   raylib:rglfw.obj
 0001:0003ef40       glfwGetVideoMode           000000014003ff40 f   raylib:rglfw.obj
 0001:0003ef90       glfwGetVideoModes          000000014003ff90 f   raylib:rglfw.obj
 0001:0003eff0       glfwGetWindowMonitor       000000014003fff0 f   raylib:rglfw.obj
 0001:0003f020       glfwGetWindowPos           0000000140040020 f   raylib:rglfw.obj
 0001:0003f050       glfwIconifyWindow          0000000140040050 f   raylib:rglfw.obj
 0001:0003f070       glfwInit                   0000000140040070 f   raylib:rglfw.obj
 0001:0003f470       glfwJoystickPresent        0000000140040470 f   raylib:rglfw.obj
 0001:0003f510       glfwMakeContextCurrent     0000000140040510 f   raylib:rglfw.obj
 0001:0003f5b0       glfwPollEvents             00000001400405b0 f   raylib:rglfw.obj
 0001:0003f5d0       glfwSetCharCallback        00000001400405d0 f   raylib:rglfw.obj
 0001:0003f610       glfwSetCursorEnterCallback 0000000140040610 f   raylib:rglfw.obj
 0001:0003f650       glfwSetCursorPos           0000000140040650 f   raylib:rglfw.obj
 0001:0003f750       glfwSetCursorPosCallback   0000000140040750 f   raylib:rglfw.obj
 0001:0003f790       glfwSetDropCallback        0000000140040790 f   raylib:rglfw.obj
 0001:0003f7d0       glfwSetErrorCallback       00000001400407d0 f   raylib:rglfw.obj
 0001:0003f7e0       glfwSetInputMode           00000001400407e0 f   raylib:rglfw.obj
 0001:0003fa20       glfwSetJoystickCallback    0000000140040a20 f   raylib:rglfw.obj
 0001:0003fa90       glfwSetKeyCallback         0000000140040a90 f   raylib:rglfw.obj
 0001:0003fad0       glfwSetMouseButtonCallback 0000000140040ad0 f   raylib:rglfw.obj
 0001:0003fb10       glfwSetScrollCallback      0000000140040b10 f   raylib:rglfw.obj
 0001:0003fb50       glfwSetWindowFocusCallback 0000000140040b50 f   raylib:rglfw.obj
 0001:0003fb90       glfwSetWindowIconifyCallback 0000000140040b90 f   raylib:rglfw.obj
 0001:0003fbd0       glfwSetWindowMaximizeCallback 0000000140040bd0 f   raylib:rglfw.obj
 0001:0003fc10       glfwSetWindowPos           0000000140040c10 f   raylib:rglfw.obj
 0001:0003fc40       glfwSetWindowShouldClose   0000000140040c40 f   raylib:rglfw.obj
 0001:0003fc60       glfwSetWindowSizeCallback  0000000140040c60 f   raylib:rglfw.obj
 0001:0003fca0       glfwSwapBuffers            0000000140040ca0 f   raylib:rglfw.obj
 0001:0003fce0       glfwSwapInterval           0000000140040ce0 f   raylib:rglfw.obj
 0001:0003fd40       glfwTerminate              0000000140040d40 f   raylib:rglfw.obj
 0001:0003fd50       glfwWaitEvents             0000000140040d50 f   raylib:rglfw.obj
 0001:0003fd70       glfwWindowHint             0000000140040d70 f   raylib:rglfw.obj
 0001:000400c0       glfwWindowShouldClose      00000001400410c0 f   raylib:rglfw.obj
 0001:00042c0c       __GSHandlerCheck           0000000140043c0c f   msvcrt:gshandler.obj
 0001:00042c2c       __GSHandlerCheckCommon     0000000140043c2c f   msvcrt:gshandler.obj
 0001:00042ca0       __security_check_cookie    0000000140043ca0 f   msvcrt:amdsecgs.obj
 0001:00042f20       mainCRTStartup             0000000140043f20 f   msvcrt:exe_main.obj
 0001:00042f34       __raise_securityfailure    0000000140043f34 f   msvcrt:gs_report.obj
 0001:00042f68       __report_gsfailure         0000000140043f68 f   msvcrt:gs_report.obj
 0001:0004303c       __report_rangecheckfailure 000000014004403c f   msvcrt:gs_report.obj
 0001:00043050       __report_securityfailure   0000000140044050 f   msvcrt:gs_report.obj
 0001:000431e0       __chkstk                   00000001400441e0 f   msvcrt:chkstk.obj
 0001:000431e0       _alloca_probe              00000001400441e0 f   msvcrt:chkstk.obj
 0001:00043230       __isa_available_init       0000000140044230 f   msvcrt:cpu_disp.obj
 0001:000433dc       __scrt_acquire_startup_lock 00000001400443dc f   msvcrt:utility.obj
 0001:00043418       __scrt_initialize_crt      0000000140044418 f   msvcrt:utility.obj
 0001:00043464       __scrt_initialize_onexit_tables 0000000140044464 f   msvcrt:utility.obj
 0001:000434f0       __scrt_is_nonwritable_in_current_image 00000001400444f0 f   msvcrt:utility.obj
 0001:00043588       __scrt_release_startup_lock 0000000140044588 f   msvcrt:utility.obj
 0001:000435ac       __scrt_uninitialize_crt    00000001400445ac f   msvcrt:utility.obj
 0001:000435d8       _onexit                    00000001400445d8 f   msvcrt:utility.obj
 0001:00043614       atexit                     0000000140044614 f   msvcrt:utility.obj
 0001:0004362c       __security_init_cookie     000000014004462c f   msvcrt:gs_support.obj
 0001:000436d8       __scrt_exe_initialize_mta  00000001400446d8 f   msvcrt:utility_desktop.obj
 0001:000436d8       __scrt_initialize_winrt    00000001400446d8 f   msvcrt:utility_desktop.obj
 0001:000436d8       __scrt_stub_for_initialize_mta 00000001400446d8 f   msvcrt:utility_desktop.obj
 0001:000436d8       _get_startup_commit_mode   00000001400446d8 f   msvcrt:commit_mode.obj
 0001:000436d8       _get_startup_new_mode      00000001400446d8 f   msvcrt:new_mode.obj
 0001:000436d8       _get_startup_thread_locale_mode 00000001400446d8 f   msvcrt:thread_locale.obj
 0001:000436d8       _matherr                   00000001400446d8 f   msvcrt:matherr.obj
 0001:000436dc       _get_startup_argv_mode     00000001400446dc f   msvcrt:argv_mode.obj
 0001:000436e4       _get_startup_file_mode     00000001400446e4 f   msvcrt:file_mode.obj
 0001:000436ec       ?__scrt_initialize_type_info@@YAXXZ 00000001400446ec f   msvcrt:tncleanup.obj
 0001:000436fc       __acrt_initialize          00000001400446fc f   msvcrt:ucrt_stubs.obj
 0001:000436fc       __acrt_uninitialize        00000001400446fc f   msvcrt:ucrt_stubs.obj
 0001:000436fc       __scrt_stub_for_acrt_initialize 00000001400446fc f   msvcrt:ucrt_stubs.obj
 0001:000436fc       __scrt_stub_for_acrt_uninitialize 00000001400446fc f   msvcrt:ucrt_stubs.obj
 0001:000436fc       __vcrt_initialize          00000001400446fc f   msvcrt:ucrt_stubs.obj
 0001:000436fc       __vcrt_uninitialize        00000001400446fc f   msvcrt:ucrt_stubs.obj
 0001:000436fc       _should_initialize_environment 00000001400446fc f   msvcrt:env_mode.obj
 0001:00043700       _guard_check_icall_nop     0000000140044700 f   msvcrt:guard_support.obj
 0001:00043700       _initialize_denormal_control 0000000140044700 f   msvcrt:denormal_control.obj
 0001:00043700       _initialize_invalid_parameter_handler 0000000140044700 f   msvcrt:invalid_parameter_handler.obj
 0001:00043704       __scrt_initialize_default_local_stdio_options 0000000140044704 f   msvcrt:default_local_stdio_options.obj
 0001:00043720       __scrt_is_user_matherr_present 0000000140044720 f   msvcrt:matherr_detection.obj
 0001:0004372c       __scrt_get_dyn_tls_init_callback 000000014004472c f   msvcrt:dyn_tls_init.obj
 0001:00043734       __scrt_get_dyn_tls_dtor_callback 0000000140044734 f   msvcrt:dyn_tls_dtor.obj
 0001:0004373c       __crt_debugger_hook        000000014004473c f   msvcrt:utility_desktop.obj
 0001:00043744       __scrt_fastfail            0000000140044744 f   msvcrt:utility_desktop.obj
 0001:00043890       __scrt_initialize_mta      0000000140044890 f   msvcrt:utility_desktop.obj
 0001:00043898       __scrt_is_managed_app      0000000140044898 f   msvcrt:utility_desktop.obj
 0001:000438ec       __scrt_set_unhandled_exception_filter 00000001400448ec f   msvcrt:utility_desktop.obj
 0001:000438fc       __scrt_unhandled_exception_filter 00000001400448fc f   msvcrt:utility_desktop.obj
 0001:00043958       _RTC_Initialize            0000000140044958 f   msvcrt:initsect.obj
 0001:00043994       _RTC_Terminate             0000000140044994 f   msvcrt:initsect.obj
 0001:000439d0       __scrt_is_ucrt_dll_in_use  00000001400449d0 f   msvcrt:ucrt_detection.obj
 0001:000439e0       timeBeginPeriod            00000001400449e0 f   winmm:WINMM.dll
 0001:000439e6       Sleep                      00000001400449e6 f   kernel32:KERNEL32.dll
 0001:000439ec       strchr                     00000001400449ec f   vcruntime:VCRUNTIME140.dll
 0001:000439f2       strrchr                    00000001400449f2 f   vcruntime:VCRUNTIME140.dll
 0001:000439f8       strstr                     00000001400449f8 f   vcruntime:VCRUNTIME140.dll
 0001:000439fe       memcpy                     00000001400449fe f   vcruntime:VCRUNTIME140.dll
 0001:00043a04       memset                     0000000140044a04 f   vcruntime:VCRUNTIME140.dll
 0001:00043a0a       memmove                    0000000140044a0a f   vcruntime:VCRUNTIME140.dll
 0001:00043a10       __C_specific_handler       0000000140044a10 f   vcruntime:VCRUNTIME140.dll
 0001:00043a16       __current_exception        0000000140044a16 f   vcruntime:VCRUNTIME140.dll
 0001:00043a1c       __current_exception_context 0000000140044a1c f   vcruntime:VCRUNTIME140.dll
 0001:00043a22       free                       0000000140044a22 f   ucrt:api-ms-win-crt-heap-l1-1-0.dll
 0001:00043a28       malloc                     0000000140044a28 f   ucrt:api-ms-win-crt-heap-l1-1-0.dll
 0001:00043a2e       srand                      0000000140044a2e f   ucrt:api-ms-win-crt-utility-l1-1-0.dll
 0001:00043a34       _time64                    0000000140044a34 f   ucrt:api-ms-win-crt-time-l1-1-0.dll
 0001:00043a3a       sqrtf                      0000000140044a3a f   ucrt:api-ms-win-crt-math-l1-1-0.dll
 0001:00043a40       acosf                      0000000140044a40 f   ucrt:api-ms-win-crt-math-l1-1-0.dll
 0001:00043a46       atan2f                     0000000140044a46 f   ucrt:api-ms-win-crt-math-l1-1-0.dll
 0001:00043a4c       cosf                       0000000140044a4c f   ucrt:api-ms-win-crt-math-l1-1-0.dll
 0001:00043a52       sinf                       0000000140044a52 f   ucrt:api-ms-win-crt-math-l1-1-0.dll
 0001:00043a58       sqrt                       0000000140044a58 f   ucrt:api-ms-win-crt-math-l1-1-0.dll
 0001:00043a5e       strcmp                     0000000140044a5e f   ucrt:api-ms-win-crt-string-l1-1-0.dll
 0001:00043a64       tan                        0000000140044a64 f   ucrt:api-ms-win-crt-math-l1-1-0.dll
 0001:00043a6a       ceilf                      0000000140044a6a f   ucrt:api-ms-win-crt-math-l1-1-0.dll
 0001:00043a70       powf                       0000000140044a70 f   ucrt:api-ms-win-crt-math-l1-1-0.dll
 0001:00043a76       exit                       0000000140044a76 f   ucrt:api-ms-win-crt-runtime-l1-1-0.dll
 0001:00043a7c       _seh_filter_exe            0000000140044a7c f   ucrt:api-ms-win-crt-runtime-l1-1-0.dll
 0001:00043a82       _set_app_type              0000000140044a82 f   ucrt:api-ms-win-crt-runtime-l1-1-0.dll
 0001:00043a88       __setusermatherr           0000000140044a88 f   ucrt:api-ms-win-crt-math-l1-1-0.dll
 0001:00043a8e       _configure_narrow_argv     0000000140044a8e f   ucrt:api-ms-win-crt-runtime-l1-1-0.dll
 0001:00043a94       _initialize_narrow_environment 0000000140044a94 f   ucrt:api-ms-win-crt-runtime-l1-1-0.dll
 0001:00043a9a       _get_initial_narrow_environment 0000000140044a9a f   ucrt:api-ms-win-crt-runtime-l1-1-0.dll
 0001:00043aa0       _initterm                  0000000140044aa0 f   ucrt:api-ms-win-crt-runtime-l1-1-0.dll
 0001:00043aa6       _initterm_e                0000000140044aa6 f   ucrt:api-ms-win-crt-runtime-l1-1-0.dll
 0001:00043aac       _exit                      0000000140044aac f   ucrt:api-ms-win-crt-runtime-l1-1-0.dll
 0001:00043ab2       _set_fmode                 0000000140044ab2 f   ucrt:api-ms-win-crt-stdio-l1-1-0.dll
 0001:00043ab8       __p___argc                 0000000140044ab8 f   ucrt:api-ms-win-crt-runtime-l1-1-0.dll
 0001:00043abe       __p___argv                 0000000140044abe f   ucrt:api-ms-win-crt-runtime-l1-1-0.dll
 0001:00043ac4       _cexit                     0000000140044ac4 f   ucrt:api-ms-win-crt-runtime-l1-1-0.dll
 0001:00043aca       _c_exit                    0000000140044aca f   ucrt:api-ms-win-crt-runtime-l1-1-0.dll
 0001:00043ad0       _register_thread_local_exe_atexit_callback 0000000140044ad0 f   ucrt:api-ms-win-crt-runtime-l1-1-0.dll
 0001:00043ad6       _configthreadlocale        0000000140044ad6 f   ucrt:api-ms-win-crt-locale-l1-1-0.dll
 0001:00043adc       _set_new_mode              0000000140044adc f   ucrt:api-ms-win-crt-heap-l1-1-0.dll
 0001:00043ae2       __p__commode               0000000140044ae2 f   ucrt:api-ms-win-crt-stdio-l1-1-0.dll
 0001:00043ae8       _initialize_onexit_table   0000000140044ae8 f   ucrt:api-ms-win-crt-runtime-l1-1-0.dll
 0001:00043aee       _register_onexit_function  0000000140044aee f   ucrt:api-ms-win-crt-runtime-l1-1-0.dll
 0001:00043af4       _crt_atexit                0000000140044af4 f   ucrt:api-ms-win-crt-runtime-l1-1-0.dll
 0001:00043afa       terminate                  0000000140044afa f   ucrt:api-ms-win-crt-runtime-l1-1-0.dll
 0001:00043b10       _guard_dispatch_icall_nop  0000000140044b10 f   msvcrt:guard_dispatch.obj
 0001:00043b30       _guard_xfg_dispatch_icall_nop 0000000140044b30 f   msvcrt:guard_xfg_dispatch.obj
 0002:00000000       __imp_ChoosePixelFormat    0000000140045000     gdi32:GDI32.dll
 0002:00000008       __imp_CreateBitmap         0000000140045008     gdi32:GDI32.dll
 0002:00000010       __imp_CreateDCW            0000000140045010     gdi32:GDI32.dll
 0002:00000018       __imp_CreateRectRgn        0000000140045018     gdi32:GDI32.dll
 0002:00000020       __imp_DeleteDC             0000000140045020     gdi32:GDI32.dll
 0002:00000028       __imp_DeleteObject         0000000140045028     gdi32:GDI32.dll
 0002:00000030       __imp_DescribePixelFormat  0000000140045030     gdi32:GDI32.dll
 0002:00000038       __imp_GetDeviceCaps        0000000140045038     gdi32:GDI32.dll
 0002:00000040       __imp_SetPixelFormat       0000000140045040     gdi32:GDI32.dll
 0002:00000048       __imp_CreateDIBSection     0000000140045048     gdi32:GDI32.dll
 0002:00000050       __imp_GetDeviceGammaRamp   0000000140045050     gdi32:GDI32.dll
 0002:00000058       __imp_SetDeviceGammaRamp   0000000140045058     gdi32:GDI32.dll
 0002:00000060       __imp_SwapBuffers          0000000140045060     gdi32:GDI32.dll
 0002:00000068       \177GDI32_NULL_THUNK_DATA  0000000140045068     gdi32:GDI32.dll
 0002:00000070       __imp_IsDebuggerPresent    0000000140045070     kernel32:KERNEL32.dll
 0002:00000078       __imp_InitializeSListHead  0000000140045078     kernel32:KERNEL32.dll
 0002:00000080       __imp_GetSystemTimeAsFileTime 0000000140045080     kernel32:KERNEL32.dll
 0002:00000088       __imp_GetCurrentThreadId   0000000140045088     kernel32:KERNEL32.dll
 0002:00000090       __imp_GetCurrentProcessId  0000000140045090     kernel32:KERNEL32.dll
 0002:00000098       __imp_IsProcessorFeaturePresent 0000000140045098     kernel32:KERNEL32.dll
 0002:000000a0       __imp_TerminateProcess     00000001400450a0     kernel32:KERNEL32.dll
 0002:000000a8       __imp_GetCurrentProcess    00000001400450a8     kernel32:KERNEL32.dll
 0002:000000b0       __imp_SetUnhandledExceptionFilter 00000001400450b0     kernel32:KERNEL32.dll
 0002:000000b8       __imp_UnhandledExceptionFilter 00000001400450b8     kernel32:KERNEL32.dll
 0002:000000c0       __imp_RtlVirtualUnwind     00000001400450c0     kernel32:KERNEL32.dll
 0002:000000c8       __imp_RtlLookupFunctionEntry 00000001400450c8     kernel32:KERNEL32.dll
 0002:000000d0       __imp_RtlCaptureContext    00000001400450d0     kernel32:KERNEL32.dll
 0002:000000d8       __imp_MultiByteToWideChar  00000001400450d8     kernel32:KERNEL32.dll
 0002:000000e0       __imp_FormatMessageW       00000001400450e0     kernel32:KERNEL32.dll
 0002:000000e8       __imp_SetThreadExecutionState 00000001400450e8     kernel32:KERNEL32.dll
 0002:000000f0       __imp_GlobalFree           00000001400450f0     kernel32:KERNEL32.dll
 0002:000000f8       __imp_GlobalLock           00000001400450f8     kernel32:KERNEL32.dll
 0002:00000100       __imp_GlobalUnlock         0000000140045100     kernel32:KERNEL32.dll
 0002:00000108       __imp_GlobalAlloc          0000000140045108     kernel32:KERNEL32.dll
 0002:00000110       __imp_LoadLibraryA         0000000140045110     kernel32:KERNEL32.dll
 0002:00000118       __imp_GetProcAddress       0000000140045118     kernel32:KERNEL32.dll
 0002:00000120       __imp_GetModuleHandleExW   0000000140045120     kernel32:KERNEL32.dll
 0002:00000128       __imp_GetModuleHandleW     0000000140045128     kernel32:KERNEL32.dll
 0002:00000130       __imp_FreeLibrary          0000000140045130     kernel32:KERNEL32.dll
 0002:00000138       __imp_TlsFree              0000000140045138     kernel32:KERNEL32.dll
 0002:00000140       __imp_TlsSetValue          0000000140045140     kernel32:KERNEL32.dll
 0002:00000148       __imp_TlsGetValue          0000000140045148     kernel32:KERNEL32.dll
 0002:00000150       __imp_TlsAlloc             0000000140045150     kernel32:KERNEL32.dll
 0002:00000158       __imp_DeleteCriticalSection 0000000140045158     kernel32:KERNEL32.dll
 0002:00000160       __imp_LeaveCriticalSection 0000000140045160     kernel32:KERNEL32.dll
 0002:00000168       __imp_EnterCriticalSection 0000000140045168     kernel32:KERNEL32.dll
 0002:00000170       __imp_InitializeCriticalSection 0000000140045170     kernel32:KERNEL32.dll
 0002:00000178       __imp_QueryPerformanceFrequency 0000000140045178     kernel32:KERNEL32.dll
 0002:00000180       __imp_QueryPerformanceCounter 0000000140045180     kernel32:KERNEL32.dll
 0002:00000188       __imp_GetLastError         0000000140045188     kernel32:KERNEL32.dll
 0002:00000190       __imp_VerSetConditionMask  0000000140045190     kernel32:KERNEL32.dll
 0002:00000198       __imp_Sleep                0000000140045198     kernel32:KERNEL32.dll
 0002:000001a0       __imp_WideCharToMultiByte  00000001400451a0     kernel32:KERNEL32.dll
 0002:000001a8       \177KERNEL32_NULL_THUNK_DATA 00000001400451a8     kernel32:KERNEL32.dll
 0002:000001b0       __imp_DragQueryPoint       00000001400451b0     shell32:SHELL32.dll
 0002:000001b8       __imp_DragQueryFileW       00000001400451b8     shell32:SHELL32.dll
 0002:000001c0       __imp_DragFinish           00000001400451c0     shell32:SHELL32.dll
 0002:000001c8       __imp_DragAcceptFiles      00000001400451c8     shell32:SHELL32.dll
 0002:000001d0       \177SHELL32_NULL_THUNK_DATA 00000001400451d0     shell32:SHELL32.dll
 0002:000001d8       __imp_SetWindowTextW       00000001400451d8     user32:USER32.dll
 0002:000001e0       __imp_GetClientRect        00000001400451e0     user32:USER32.dll
 0002:000001e8       __imp_GetWindowRect        00000001400451e8     user32:USER32.dll
 0002:000001f0       __imp_AdjustWindowRectEx   00000001400451f0     user32:USER32.dll
 0002:000001f8       __imp_SetCursorPos         00000001400451f8     user32:USER32.dll
 0002:00000200       __imp_SetCursor            0000000140045200     user32:USER32.dll
 0002:00000208       __imp_GetCursorPos         0000000140045208     user32:USER32.dll
 0002:00000210       __imp_ClientToScreen       0000000140045210     user32:USER32.dll
 0002:00000218       __imp_ScreenToClient       0000000140045218     user32:USER32.dll
 0002:00000220       __imp_WindowFromPoint      0000000140045220     user32:USER32.dll
 0002:00000228       __imp_ClipCursor           0000000140045228     user32:USER32.dll
 0002:00000230       __imp_SetRect              0000000140045230     user32:USER32.dll
 0002:00000238       __imp_OffsetRect           0000000140045238     user32:USER32.dll
 0002:00000240       __imp_PtInRect             0000000140045240     user32:USER32.dll
 0002:00000248       __imp_GetWindowLongW       0000000140045248     user32:USER32.dll
 0002:00000250       __imp_SetWindowLongW       0000000140045250     user32:USER32.dll
 0002:00000258       __imp_GetClassLongPtrW     0000000140045258     user32:USER32.dll
 0002:00000260       __imp_RemovePropW          0000000140045260     user32:USER32.dll
 0002:00000268       __imp_DestroyIcon          0000000140045268     user32:USER32.dll
 0002:00000270       __imp_LoadImageW           0000000140045270     user32:USER32.dll
 0002:00000278       __imp_CreateIconIndirect   0000000140045278     user32:USER32.dll
 0002:00000280       __imp_ChangeDisplaySettingsExW 0000000140045280     user32:USER32.dll
 0002:00000288       __imp_EnumDisplaySettingsW 0000000140045288     user32:USER32.dll
 0002:00000290       __imp_EnumDisplaySettingsExW 0000000140045290     user32:USER32.dll
 0002:00000298       __imp_EnumDisplayDevicesW  0000000140045298     user32:USER32.dll
 0002:000002a0       __imp_SystemParametersInfoW 00000001400452a0     user32:USER32.dll
 0002:000002a8       __imp_MonitorFromWindow    00000001400452a8     user32:USER32.dll
 0002:000002b0       __imp_GetMonitorInfoW      00000001400452b0     user32:USER32.dll
 0002:000002b8       __imp_EnumDisplayMonitors  00000001400452b8     user32:USER32.dll
 0002:000002c0       __imp_GetRawInputData      00000001400452c0     user32:USER32.dll
 0002:000002c8       __imp_GetRawInputDeviceInfoA 00000001400452c8     user32:USER32.dll
 0002:000002d0       __imp_RegisterRawInputDevices 00000001400452d0     user32:USER32.dll
 0002:000002d8       __imp_GetRawInputDeviceList 00000001400452d8     user32:USER32.dll
 0002:000002e0       __imp_GetPropW             00000001400452e0     user32:USER32.dll
 0002:000002e8       __imp_TrackMouseEvent      00000001400452e8     user32:USER32.dll
 0002:000002f0       __imp_TranslateMessage     00000001400452f0     user32:USER32.dll
 0002:000002f8       __imp_DispatchMessageW     00000001400452f8     user32:USER32.dll
 0002:00000300       __imp_SetPropW             0000000140045300     user32:USER32.dll
 0002:00000308       __imp_ReleaseDC            0000000140045308     user32:USER32.dll
 0002:00000310       __imp_GetDC                0000000140045310     user32:USER32.dll
 0002:00000318       __imp_LoadCursorW          0000000140045318     user32:USER32.dll
 0002:00000320       __imp_SetForegroundWindow  0000000140045320     user32:USER32.dll
 0002:00000328       __imp_GetSystemMetrics     0000000140045328     user32:USER32.dll
 0002:00000330       __imp_MsgWaitForMultipleObjects 0000000140045330     user32:USER32.dll
 0002:00000338       __imp_ReleaseCapture       0000000140045338     user32:USER32.dll
 0002:00000340       __imp_SetCapture           0000000140045340     user32:USER32.dll
 0002:00000348       __imp_MapVirtualKeyW       0000000140045348     user32:USER32.dll
 0002:00000350       __imp_ToUnicode            0000000140045350     user32:USER32.dll
 0002:00000358       __imp_GetKeyState          0000000140045358     user32:USER32.dll
 0002:00000360       __imp_GetActiveWindow      0000000140045360     user32:USER32.dll
 0002:00000368       __imp_SetFocus             0000000140045368     user32:USER32.dll
 0002:00000370       __imp_EmptyClipboard       0000000140045370     user32:USER32.dll
 0002:00000378       __imp_GetClipboardData     0000000140045378     user32:USER32.dll
 0002:00000380       __imp_SetClipboardData     0000000140045380     user32:USER32.dll
 0002:00000388       __imp_CloseClipboard       0000000140045388     user32:USER32.dll
 0002:00000390       __imp_OpenClipboard        0000000140045390     user32:USER32.dll
 0002:00000398       __imp_IsZoomed             0000000140045398     user32:USER32.dll
 0002:000003a0       __imp_BringWindowToTop     00000001400453a0     user32:USER32.dll
 0002:000003a8       __imp_IsIconic             00000001400453a8     user32:USER32.dll
 0002:000003b0       __imp_IsWindowVisible      00000001400453b0     user32:USER32.dll
 0002:000003b8       __imp_SetWindowPlacement   00000001400453b8     user32:USER32.dll
 0002:000003c0       __imp_GetWindowPlacement   00000001400453c0     user32:USER32.dll
 0002:000003c8       __imp_SetWindowPos         00000001400453c8     user32:USER32.dll
 0002:000003d0       __imp_MoveWindow           00000001400453d0     user32:USER32.dll
 0002:000003d8       __imp_FlashWindow          00000001400453d8     user32:USER32.dll
 0002:000003e0       __imp_SetLayeredWindowAttributes 00000001400453e0     user32:USER32.dll
 0002:000003e8       __imp_GetLayeredWindowAttributes 00000001400453e8     user32:USER32.dll
 0002:000003f0       __imp_ShowWindow           00000001400453f0     user32:USER32.dll
 0002:000003f8       __imp_DestroyWindow        00000001400453f8     user32:USER32.dll
 0002:00000400       __imp_CreateWindowExW      0000000140045400     user32:USER32.dll
 0002:00000408       __imp_RegisterClassExW     0000000140045408     user32:USER32.dll
 0002:00000410       __imp_UnregisterClassW     0000000140045410     user32:USER32.dll
 0002:00000418       __imp_DefWindowProcW       0000000140045418     user32:USER32.dll
 0002:00000420       __imp_WaitMessage          0000000140045420     user32:USER32.dll
 0002:00000428       __imp_PostMessageW         0000000140045428     user32:USER32.dll
 0002:00000430       __imp_UnregisterDeviceNotification 0000000140045430     user32:USER32.dll
 0002:00000438       __imp_RegisterDeviceNotificationW 0000000140045438     user32:USER32.dll
 0002:00000440       __imp_SendMessageW         0000000140045440     user32:USER32.dll
 0002:00000448       __imp_GetMessageTime       0000000140045448     user32:USER32.dll
 0002:00000450       __imp_PeekMessageW         0000000140045450     user32:USER32.dll
 0002:00000458       \177USER32_NULL_THUNK_DATA 0000000140045458     user32:USER32.dll
 0002:00000460       __imp___current_exception_context 0000000140045460     vcruntime:VCRUNTIME140.dll
 0002:00000468       __imp___current_exception  0000000140045468     vcruntime:VCRUNTIME140.dll
 0002:00000470       __imp_strchr               0000000140045470     vcruntime:VCRUNTIME140.dll
 0002:00000478       __imp_strrchr              0000000140045478     vcruntime:VCRUNTIME140.dll
 0002:00000480       __imp_strstr               0000000140045480     vcruntime:VCRUNTIME140.dll
 0002:00000488       __imp_memcpy               0000000140045488     vcruntime:VCRUNTIME140.dll
 0002:00000490       __imp_memset               0000000140045490     vcruntime:VCRUNTIME140.dll
 0002:00000498       __imp_memmove              0000000140045498     vcruntime:VCRUNTIME140.dll
 0002:000004a0       __imp___C_specific_handler 00000001400454a0     vcruntime:VCRUNTIME140.dll
 0002:000004a8       \177VCRUNTIME140_NULL_THUNK_DATA 00000001400454a8     vcruntime:VCRUNTIME140.dll
 0002:000004b0       __imp_timeBeginPeriod      00000001400454b0     winmm:WINMM.dll
 0002:000004b8       \177WINMM_NULL_THUNK_DATA  00000001400454b8     winmm:WINMM.dll
 0002:000004c0       __imp_strtoul              00000001400454c0     ucrt:api-ms-win-crt-convert-l1-1-0.dll
 0002:000004c8       \177api-ms-win-crt-convert-l1-1-0_NULL_THUNK_DATA 00000001400454c8     ucrt:api-ms-win-crt-convert-l1-1-0.dll
 0002:000004d0       __imp__access              00000001400454d0     ucrt:api-ms-win-crt-filesystem-l1-1-0.dll
 0002:000004d8       \177api-ms-win-crt-filesystem-l1-1-0_NULL_THUNK_DATA 00000001400454d8     ucrt:api-ms-win-crt-filesystem-l1-1-0.dll
 0002:000004e0       __imp__set_new_mode        00000001400454e0     ucrt:api-ms-win-crt-heap-l1-1-0.dll
 0002:000004e8       __imp_calloc               00000001400454e8     ucrt:api-ms-win-crt-heap-l1-1-0.dll
 0002:000004f0       __imp_malloc               00000001400454f0     ucrt:api-ms-win-crt-heap-l1-1-0.dll
 0002:000004f8       __imp_free                 00000001400454f8     ucrt:api-ms-win-crt-heap-l1-1-0.dll
 0002:00000500       __imp_realloc              0000000140045500     ucrt:api-ms-win-crt-heap-l1-1-0.dll
 0002:00000508       \177api-ms-win-crt-heap-l1-1-0_NULL_THUNK_DATA 0000000140045508     ucrt:api-ms-win-crt-heap-l1-1-0.dll
 0002:00000510       __imp__configthreadlocale  0000000140045510     ucrt:api-ms-win-crt-locale-l1-1-0.dll
 0002:00000518       \177api-ms-win-crt-locale-l1-1-0_NULL_THUNK_DATA 0000000140045518     ucrt:api-ms-win-crt-locale-l1-1-0.dll
 0002:00000520       __imp_round                0000000140045520     ucrt:api-ms-win-crt-math-l1-1-0.dll
 0002:00000528       __imp___setusermatherr     0000000140045528     ucrt:api-ms-win-crt-math-l1-1-0.dll
 0002:00000530       __imp_sqrtf                0000000140045530     ucrt:api-ms-win-crt-math-l1-1-0.dll
 0002:00000538       __imp_acosf                0000000140045538     ucrt:api-ms-win-crt-math-l1-1-0.dll
 0002:00000540       __imp_atan2f               0000000140045540     ucrt:api-ms-win-crt-math-l1-1-0.dll
 0002:00000548       __imp_cosf                 0000000140045548     ucrt:api-ms-win-crt-math-l1-1-0.dll
 0002:00000550       __imp_sinf                 0000000140045550     ucrt:api-ms-win-crt-math-l1-1-0.dll
 0002:00000558       __imp_sqrt                 0000000140045558     ucrt:api-ms-win-crt-math-l1-1-0.dll
 0002:00000560       __imp_tan                  0000000140045560     ucrt:api-ms-win-crt-math-l1-1-0.dll
 0002:00000568       __imp_powf                 0000000140045568     ucrt:api-ms-win-crt-math-l1-1-0.dll
 0002:00000570       __imp_ceilf                0000000140045570     ucrt:api-ms-win-crt-math-l1-1-0.dll
 0002:00000578       \177api-ms-win-crt-math-l1-1-0_NULL_THUNK_DATA 0000000140045578     ucrt:api-ms-win-crt-math-l1-1-0.dll
 0002:00000580       __imp__initialize_onexit_table 0000000140045580     ucrt:api-ms-win-crt-runtime-l1-1-0.dll
 0002:00000588       __imp__register_thread_local_exe_atexit_callback 0000000140045588     ucrt:api-ms-win-crt-runtime-l1-1-0.dll
 0002:00000590       __imp__c_exit              0000000140045590     ucrt:api-ms-win-crt-runtime-l1-1-0.dll
 0002:00000598       __imp__cexit               0000000140045598     ucrt:api-ms-win-crt-runtime-l1-1-0.dll
 0002:000005a0       __imp___p___argv           00000001400455a0     ucrt:api-ms-win-crt-runtime-l1-1-0.dll
 0002:000005a8       __imp___p___argc           00000001400455a8     ucrt:api-ms-win-crt-runtime-l1-1-0.dll
 0002:000005b0       __imp__exit                00000001400455b0     ucrt:api-ms-win-crt-runtime-l1-1-0.dll
 0002:000005b8       __imp__initterm_e          00000001400455b8     ucrt:api-ms-win-crt-runtime-l1-1-0.dll
 0002:000005c0       __imp__initterm            00000001400455c0     ucrt:api-ms-win-crt-runtime-l1-1-0.dll
 0002:000005c8       __imp__get_initial_narrow_environment 00000001400455c8     ucrt:api-ms-win-crt-runtime-l1-1-0.dll
 0002:000005d0       __imp__initialize_narrow_environment 00000001400455d0     ucrt:api-ms-win-crt-runtime-l1-1-0.dll
 0002:000005d8       __imp_terminate            00000001400455d8     ucrt:api-ms-win-crt-runtime-l1-1-0.dll
 0002:000005e0       __imp__configure_narrow_argv 00000001400455e0     ucrt:api-ms-win-crt-runtime-l1-1-0.dll
 0002:000005e8       __imp__set_app_type        00000001400455e8     ucrt:api-ms-win-crt-runtime-l1-1-0.dll
 0002:000005f0       __imp__crt_atexit          00000001400455f0     ucrt:api-ms-win-crt-runtime-l1-1-0.dll
 0002:000005f8       __imp__register_onexit_function 00000001400455f8     ucrt:api-ms-win-crt-runtime-l1-1-0.dll
 0002:00000600       __imp__seh_filter_exe      0000000140045600     ucrt:api-ms-win-crt-runtime-l1-1-0.dll
 0002:00000608       __imp_exit                 0000000140045608     ucrt:api-ms-win-crt-runtime-l1-1-0.dll
 0002:00000610       \177api-ms-win-crt-runtime-l1-1-0_NULL_THUNK_DATA 0000000140045610     ucrt:api-ms-win-crt-runtime-l1-1-0.dll
 0002:00000618       __imp_fseek                0000000140045618     ucrt:api-ms-win-crt-stdio-l1-1-0.dll
 0002:00000620       __imp__getcwd              0000000140045620     ucrt:api-ms-win-crt-stdio-l1-1-0.dll
 0002:00000628       __imp_fopen                0000000140045628     ucrt:api-ms-win-crt-stdio-l1-1-0.dll
 0002:00000630       __imp_fclose               0000000140045630     ucrt:api-ms-win-crt-stdio-l1-1-0.dll
 0002:00000638       __imp___stdio_common_vsscanf 0000000140045638     ucrt:api-ms-win-crt-stdio-l1-1-0.dll
 0002:00000640       __imp_feof                 0000000140045640     ucrt:api-ms-win-crt-stdio-l1-1-0.dll
 0002:00000648       __imp___stdio_common_vsprintf 0000000140045648     ucrt:api-ms-win-crt-stdio-l1-1-0.dll
 0002:00000650       __imp___acrt_iob_func      0000000140045650     ucrt:api-ms-win-crt-stdio-l1-1-0.dll
 0002:00000658       __imp__set_fmode           0000000140045658     ucrt:api-ms-win-crt-stdio-l1-1-0.dll
 0002:00000660       __imp_ferror               0000000140045660     ucrt:api-ms-win-crt-stdio-l1-1-0.dll
 0002:00000668       __imp_fflush               0000000140045668     ucrt:api-ms-win-crt-stdio-l1-1-0.dll
 0002:00000670       __imp_fgetc                0000000140045670     ucrt:api-ms-win-crt-stdio-l1-1-0.dll
 0002:00000678       __imp_fread                0000000140045678     ucrt:api-ms-win-crt-stdio-l1-1-0.dll
 0002:00000680       __imp___stdio_common_vfprintf 0000000140045680     ucrt:api-ms-win-crt-stdio-l1-1-0.dll
 0002:00000688       __imp_ungetc               0000000140045688     ucrt:api-ms-win-crt-stdio-l1-1-0.dll
 0002:00000690       __imp___p__commode         0000000140045690     ucrt:api-ms-win-crt-stdio-l1-1-0.dll
 0002:00000698       __imp_fwrite               0000000140045698     ucrt:api-ms-win-crt-stdio-l1-1-0.dll
 0002:000006a0       \177api-ms-win-crt-stdio-l1-1-0_NULL_THUNK_DATA 00000001400456a0     ucrt:api-ms-win-crt-stdio-l1-1-0.dll
 0002:000006a8       __imp_strcspn              00000001400456a8     ucrt:api-ms-win-crt-string-l1-1-0.dll
 0002:000006b0       __imp_strspn               00000001400456b0     ucrt:api-ms-win-crt-string-l1-1-0.dll
 0002:000006b8       __imp_strpbrk              00000001400456b8     ucrt:api-ms-win-crt-string-l1-1-0.dll
 0002:000006c0       __imp_strcmp               00000001400456c0     ucrt:api-ms-win-crt-string-l1-1-0.dll
 0002:000006c8       __imp_strncmp              00000001400456c8     ucrt:api-ms-win-crt-string-l1-1-0.dll
 0002:000006d0       __imp_strncpy              00000001400456d0     ucrt:api-ms-win-crt-string-l1-1-0.dll
 0002:000006d8       \177api-ms-win-crt-string-l1-1-0_NULL_THUNK_DATA 00000001400456d8     ucrt:api-ms-win-crt-string-l1-1-0.dll
 0002:000006e0       __imp__time64              00000001400456e0     ucrt:api-ms-win-crt-time-l1-1-0.dll
 0002:000006e8       \177api-ms-win-crt-time-l1-1-0_NULL_THUNK_DATA 00000001400456e8     ucrt:api-ms-win-crt-time-l1-1-0.dll
 0002:000006f0       __imp_srand                00000001400456f0     ucrt:api-ms-win-crt-utility-l1-1-0.dll
 0002:000006f8       __imp_qsort                00000001400456f8     ucrt:api-ms-win-crt-utility-l1-1-0.dll
 0002:00000700       \177api-ms-win-crt-utility-l1-1-0_NULL_THUNK_DATA 0000000140045700     ucrt:api-ms-win-crt-utility-l1-1-0.dll
 0002:00000708       __guard_check_icall_fptr   0000000140045708     msvcrt:guard_support.obj
 0002:00000710       __guard_xfg_check_icall_fptr 0000000140045710     msvcrt:guard_support.obj
 0002:00000718       __guard_dispatch_icall_fptr 0000000140045718     msvcrt:guard_support.obj
 0002:00000720       __guard_xfg_dispatch_icall_fptr 0000000140045720     msvcrt:guard_support.obj
 0002:00000728       __guard_xfg_table_dispatch_icall_fptr 0000000140045728     msvcrt:guard_support.obj
 0002:00000730       __castguard_check_failure_os_handled_fptr 0000000140045730     msvcrt:guard_support.obj
 0002:00000738       __guard_memcpy_fptr        0000000140045738     vcruntime:softmemtag.obj
 0002:00000740       __xc_a                     0000000140045740     msvcrt:initializers.obj
 0002:00000750       __xc_z                     0000000140045750     msvcrt:initializers.obj
 0002:00000758       __xi_a                     0000000140045758     msvcrt:initializers.obj
 0002:00000770       __xi_z                     0000000140045770     msvcrt:initializers.obj
 0002:00000778       __xp_a                     0000000140045778     msvcrt:initializers.obj
 0002:00000780       __xp_z                     0000000140045780     msvcrt:initializers.obj
 0002:00000788       __xt_a                     0000000140045788     msvcrt:initializers.obj
 0002:00000790       __xt_z                     0000000140045790     msvcrt:initializers.obj
 0002:000007a8       __real@00000000            00000001400457a8     main.obj
 0002:000007ac       __real@3b449ba6            00000001400457ac     main.obj
 0002:000007b0       __real@3cf5c28f            00000001400457b0     main.obj
 0002:000007b4       __real@3dcccccd            00000001400457b4     main.obj
 0002:000007b8       __real@3e4ccccd            00000001400457b8     main.obj
 0002:000007bc       __real@3e800000            00000001400457bc     main.obj
 0002:000007c0       __real@3ee4f8b588e368f1    00000001400457c0     main.obj
 0002:000007c8       __real@3f000000            00000001400457c8     main.obj
 0002:000007cc       __real@3f800000            00000001400457cc     main.obj
 0002:000007d0       __real@40000000            00000001400457d0     main.obj
 0002:000007d4       __real@40600000            00000001400457d4     main.obj
 0002:000007d8       __real@41000000            00000001400457d8     main.obj
 0002:000007dc       __real@41200000            00000001400457dc     main.obj
 0002:000007e0       __real@42340000            00000001400457e0     main.obj
 0002:000007e4       __real@437f0000            00000001400457e4     main.obj
 0002:000007e8       __real@bcf5c28f            00000001400457e8     main.obj
 0002:000007ec       __real@be4ccccd            00000001400457ec     main.obj
 0002:000007f0       __real@be800000            00000001400457f0     main.obj
 0002:000007f4       __real@c0000000            00000001400457f4     main.obj
 0002:000007f8       __real@c0f00000            00000001400457f8     main.obj
 0002:00000800       __xmm@7fffffffffffffff7fffffffffffffff 0000000140045800     main.obj
 0002:00000810       __xmm@80000000800000008000000080000000 0000000140045810     main.obj
 0002:00000820       ??_C@_03PENLHFGJ@5?40@     0000000140045820     raylib:rcore.obj
 0002:00000828       ??_C@_0L@NGIDFJGJ@EVENT_NONE@ 0000000140045828     raylib:rcore.obj
 0002:00000838       ??_C@_0N@PIMCJOPF@INPUT_KEY_UP@ 0000000140045838     raylib:rcore.obj
 0002:00000848       ??_C@_0P@CMIPPADM@INPUT_KEY_DOWN@ 0000000140045848     raylib:rcore.obj
 0002:00000858       ??_C@_0BC@FHKADEMO@INPUT_KEY_PRESSED@ 0000000140045858     raylib:rcore.obj
 0002:00000870       ??_C@_0BD@JOJBNHPF@INPUT_KEY_RELEASED@ 0000000140045870     raylib:rcore.obj
 0002:00000888       ??_C@_0BG@KBAKADII@INPUT_MOUSE_BUTTON_UP@ 0000000140045888     raylib:rcore.obj
 0002:000008a0       ??_C@_0BI@DIKAEBLG@INPUT_MOUSE_BUTTON_DOWN@ 00000001400458a0     raylib:rcore.obj
 0002:000008b8       ??_C@_0BF@JKKODJEK@INPUT_MOUSE_POSITION@ 00000001400458b8     raylib:rcore.obj
 0002:000008d0       ??_C@_0BJ@GFGFEACJ@INPUT_MOUSE_WHEEL_MOTION@ 00000001400458d0     raylib:rcore.obj
 0002:000008f0       ??_C@_0BG@JCFAPLOK@INPUT_GAMEPAD_CONNECT@ 00000001400458f0     raylib:rcore.obj
 0002:00000908       ??_C@_0BJ@OIIGCJCA@INPUT_GAMEPAD_DISCONNECT@ 0000000140045908     raylib:rcore.obj
 0002:00000928       ??_C@_0BI@CIMBDOMJ@INPUT_GAMEPAD_BUTTON_UP@ 0000000140045928     raylib:rcore.obj
 0002:00000940       ??_C@_0BK@IJKKPKCI@INPUT_GAMEPAD_BUTTON_DOWN@ 0000000140045940     raylib:rcore.obj
 0002:00000960       ??_C@_0BK@JKKKBBPF@INPUT_GAMEPAD_AXIS_MOTION@ 0000000140045960     raylib:rcore.obj
 0002:00000980       ??_C@_0P@DPKOJIOP@INPUT_TOUCH_UP@ 0000000140045980     raylib:rcore.obj
 0002:00000990       ??_C@_0BB@HFMBGILO@INPUT_TOUCH_DOWN@ 0000000140045990     raylib:rcore.obj
 0002:000009a8       ??_C@_0BF@GPDCBBJB@INPUT_TOUCH_POSITION@ 00000001400459a8     raylib:rcore.obj
 0002:000009c0       ??_C@_0O@MCEBKMBL@INPUT_GESTURE@ 00000001400459c0     raylib:rcore.obj
 0002:000009d0       ??_C@_0N@IFMOJBBJ@WINDOW_CLOSE@ 00000001400459d0     raylib:rcore.obj
 0002:000009e0       ??_C@_0BA@GOMLMNDI@WINDOW_MAXIMIZE@ 00000001400459e0     raylib:rcore.obj
 0002:000009f0       ??_C@_0BA@LJCAHPHJ@WINDOW_MINIMIZE@ 00000001400459f0     raylib:rcore.obj
 0002:00000a00       ??_C@_0O@ICIIDCJG@WINDOW_RESIZE@ 0000000140045a00     raylib:rcore.obj
 0002:00000a10       ??_C@_0BH@CAAFGMDJ@ACTION_TAKE_SCREENSHOT@ 0000000140045a10     raylib:rcore.obj
 0002:00000a28       ??_C@_0BE@PBBDGMIG@ACTION_SETTARGETFPS@ 0000000140045a28     raylib:rcore.obj
 0002:00000f30       ??_C@_0M@PFBKOKOH@glBlendFunc@ 0000000140045f30     raylib:rcore.obj
 0002:00000f40       ??_C@_07IBAPPAHJ@glClear@  0000000140045f40     raylib:rcore.obj
 0002:00000f48       ??_C@_0N@OGLMDNKC@glClearColor@ 0000000140045f48     raylib:rcore.obj
 0002:00000f58       ??_C@_0N@LJIELNG@glClearDepth@ 0000000140045f58     raylib:rcore.obj
 0002:00000f68       ??_C@_0P@KBLPBBFP@glClearStencil@ 0000000140045f68     raylib:rcore.obj
 0002:00000f78       ??_C@_0M@DLGOAHPH@glColorMask@ 0000000140045f78     raylib:rcore.obj
 0002:00000f88       ??_C@_0L@BAPBLHME@glCullFace@ 0000000140045f88     raylib:rcore.obj
 0002:00000f98       ??_C@_0M@NEJABAEP@glDepthFunc@ 0000000140045f98     raylib:rcore.obj
 0002:00000fa8       ??_C@_0M@KABMFLLN@glDepthMask@ 0000000140045fa8     raylib:rcore.obj
 0002:00000fb8       ??_C@_0N@PEBDIKOA@glDepthRange@ 0000000140045fb8     raylib:rcore.obj
 0002:00000fc8       ??_C@_09MHGMIMKN@glDisable@ 0000000140045fc8     raylib:rcore.obj
 0002:00000fd8       ??_C@_0N@EKCLGPL@glDrawBuffer@ 0000000140045fd8     raylib:rcore.obj
 0002:00000fe8       ??_C@_08OOEHEKOP@glEnable@ 0000000140045fe8     raylib:rcore.obj
 0002:00000ff8       ??_C@_08DFCPOKBK@glFinish@ 0000000140045ff8     raylib:rcore.obj
 0002:00001008       ??_C@_07COFELLJA@glFlush@  0000000140046008     raylib:rcore.obj
 0002:00001010       ??_C@_0M@ILBMDJDA@glFrontFace@ 0000000140046010     raylib:rcore.obj
 0002:00001020       ??_C@_0O@NLMELLCJ@glGetBooleanv@ 0000000140046020     raylib:rcore.obj
 0002:00001030       ??_C@_0N@OFBMMCDH@glGetDoublev@ 0000000140046030     raylib:rcore.obj
 0002:00001040       ??_C@_0L@FPKAMKHB@glGetError@ 0000000140046040     raylib:rcore.obj
 0002:00001050       ??_C@_0M@CKCOBONE@glGetFloatv@ 0000000140046050     raylib:rcore.obj
 0002:00001060       ??_C@_0O@DHHDCCLF@glGetIntegerv@ 0000000140046060     raylib:rcore.obj
 0002:00001070       ??_C@_0M@OPOBFDCB@glGetString@ 0000000140046070     raylib:rcore.obj
 0002:00001080       ??_C@_0O@DOIIJLAD@glGetTexImage@ 0000000140046080     raylib:rcore.obj
 0002:00001090       ??_C@_0BJ@GAMLGIFF@glGetTexLevelParameterfv@ 0000000140046090     raylib:rcore.obj
 0002:000010b0       ??_C@_0BJ@GLJHCPGI@glGetTexLevelParameteriv@ 00000001400460b0     raylib:rcore.obj
 0002:000010d0       ??_C@_0BE@DNHBPKMC@glGetTexParameterfv@ 00000001400460d0     raylib:rcore.obj
 0002:000010e8       ??_C@_0BE@DGCNLNPP@glGetTexParameteriv@ 00000001400460e8     raylib:rcore.obj
 0002:000010fc       ??_C@_06HEADGMBC@glHint@   00000001400460fc     raylib:rcore.obj
 0002:00001108       ??_C@_0M@INHMIHKC@glIsEnabled@ 0000000140046108     raylib:rcore.obj
 0002:00001118       ??_C@_0M@CFLGNFPG@glLineWidth@ 0000000140046118     raylib:rcore.obj
 0002:00001128       ??_C@_09GKGMNAKG@glLogicOp@ 0000000140046128     raylib:rcore.obj
 0002:00001138       ??_C@_0O@BFLAHHCK@glPixelStoref@ 0000000140046138     raylib:rcore.obj
 0002:00001148       ??_C@_0O@JCCIGLOF@glPixelStorei@ 0000000140046148     raylib:rcore.obj
 0002:00001158       ??_C@_0M@EEAPMMNM@glPointSize@ 0000000140046158     raylib:rcore.obj
 0002:00001168       ??_C@_0O@DKMNBFMB@glPolygonMode@ 0000000140046168     raylib:rcore.obj
 0002:00001178       ??_C@_0N@HFKHBECK@glReadBuffer@ 0000000140046178     raylib:rcore.obj
 0002:00001188       ??_C@_0N@CKFNNHOO@glReadPixels@ 0000000140046188     raylib:rcore.obj
 0002:00001198       ??_C@_09ECGPAEPL@glScissor@ 0000000140046198     raylib:rcore.obj
 0002:000011a8       ??_C@_0O@ENNLLOLN@glStencilFunc@ 00000001400461a8     raylib:rcore.obj
 0002:000011b8       ??_C@_0O@DJFHPFEP@glStencilMask@ 00000001400461b8     raylib:rcore.obj
 0002:000011c8       ??_C@_0M@BILBNGF@glStencilOp@ 00000001400461c8     raylib:rcore.obj
 0002:000011d8       ??_C@_0N@JDMMMFHL@glTexImage1D@ 00000001400461d8     raylib:rcore.obj
 0002:000011e8       ??_C@_0N@JBIKHLCC@glTexImage2D@ 00000001400461e8     raylib:rcore.obj
 0002:000011f8       ??_C@_0BA@INKFIMGP@glTexParameterf@ 00000001400461f8     raylib:rcore.obj
 0002:00001208       ??_C@_0BB@KEOFAHDF@glTexParameterfv@ 0000000140046208     raylib:rcore.obj
 0002:00001220       ??_C@_0BA@KDNJAKA@glTexParameteri@ 0000000140046220     raylib:rcore.obj
 0002:00001230       ??_C@_0BB@KPLJEAAI@glTexParameteriv@ 0000000140046230     raylib:rcore.obj
 0002:00001248       ??_C@_0L@KBLIPDFH@glViewport@ 0000000140046248     raylib:rcore.obj
 0002:00001258       ??_C@_0O@JKKCIBGC@glBindTexture@ 0000000140046258     raylib:rcore.obj
 0002:00001268       ??_C@_0BB@MEEDBHPL@glCopyTexImage1D@ 0000000140046268     raylib:rcore.obj
 0002:00001280       ??_C@_0BB@MGAFKJKC@glCopyTexImage2D@ 0000000140046280     raylib:rcore.obj
 0002:00001298       ??_C@_0BE@PKNCAIGI@glCopyTexSubImage1D@ 0000000140046298     raylib:rcore.obj
 0002:000012b0       ??_C@_0BE@PIJELGDB@glCopyTexSubImage2D@ 00000001400462b0     raylib:rcore.obj
 0002:000012c8       ??_C@_0BB@KMPLFJIC@glDeleteTextures@ 00000001400462c8     raylib:rcore.obj
 0002:000012e0       ??_C@_0N@CMNPPOHA@glDrawArrays@ 00000001400462e0     raylib:rcore.obj
 0002:000012f0       ??_C@_0P@MENFIFGE@glDrawElements@ 00000001400462f0     raylib:rcore.obj
 0002:00001300       ??_C@_0O@LLMANLNK@glGenTextures@ 0000000140046300     raylib:rcore.obj
 0002:00001310       ??_C@_0O@LADEDGJO@glGetPointerv@ 0000000140046310     raylib:rcore.obj
 0002:00001320       ??_C@_0M@NJHAEPDN@glIsTexture@ 0000000140046320     raylib:rcore.obj
 0002:00001330       ??_C@_0BA@FFBJGNC@glPolygonOffset@ 0000000140046330     raylib:rcore.obj
 0002:00001340       ??_C@_0BA@NFOOCKJD@glTexSubImage1D@ 0000000140046340     raylib:rcore.obj
 0002:00001350       ??_C@_0BA@NHKIJEMK@glTexSubImage2D@ 0000000140046350     raylib:rcore.obj
 0002:00001360       ??_C@_0BE@PJFGNMAG@glCopyTexSubImage3D@ 0000000140046360     raylib:rcore.obj
 0002:00001378       ??_C@_0BE@IHNAGJGJ@glDrawRangeElements@ 0000000140046378     raylib:rcore.obj
 0002:00001390       ??_C@_0N@JAEIBBBF@glTexImage3D@ 0000000140046390     raylib:rcore.obj
 0002:000013a0       ??_C@_0BA@NGGKPOPN@glTexSubImage3D@ 00000001400463a0     raylib:rcore.obj
 0002:000013b0       ??_C@_0BA@KOBBIKOF@glActiveTexture@ 00000001400463b0     raylib:rcore.obj
 0002:000013c0       ??_C@_0BH@GFPJBEAB@glCompressedTexImage1D@ 00000001400463c0     raylib:rcore.obj
 0002:000013d8       ??_C@_0BH@GHLPKKFI@glCompressedTexImage2D@ 00000001400463d8     raylib:rcore.obj
 0002:000013f0       ??_C@_0BH@GGHNMAGP@glCompressedTexImage3D@ 00000001400463f0     raylib:rcore.obj
 0002:00001408       ??_C@_0BK@ECBIPHJO@glCompressedTexSubImage1D@ 0000000140046408     raylib:rcore.obj
 0002:00001428       ??_C@_0BK@EAFOEJMH@glCompressedTexSubImage2D@ 0000000140046428     raylib:rcore.obj
 0002:00001448       ??_C@_0BK@EBJMCDPA@glCompressedTexSubImage3D@ 0000000140046448     raylib:rcore.obj
 0002:00001468       ??_C@_0BI@MPANLPPL@glGetCompressedTexImage@ 0000000140046468     raylib:rcore.obj
 0002:00001480       ??_C@_0BB@BJGIPMOA@glSampleCoverage@ 0000000140046480     raylib:rcore.obj
 0002:00001498       ??_C@_0N@PKBMFJDK@glBlendColor@ 0000000140046498     raylib:rcore.obj
 0002:000014a8       ??_C@_0BA@PFHILPAN@glBlendEquation@ 00000001400464a8     raylib:rcore.obj
 0002:000014b8       ??_C@_0BE@LLLCIIOO@glBlendFuncSeparate@ 00000001400464b8     raylib:rcore.obj
 0002:000014d0       ??_C@_0BC@IBABPJFA@glMultiDrawArrays@ 00000001400464d0     raylib:rcore.obj
 0002:000014e8       ??_C@_0BE@MPDFJJLL@glMultiDrawElements@ 00000001400464e8     raylib:rcore.obj
 0002:00001500       ??_C@_0BC@FGOOEDO@glPointParameterf@ 0000000140046500     raylib:rcore.obj
 0002:00001518       ??_C@_0BD@LIABKNDP@glPointParameterfv@ 0000000140046518     raylib:rcore.obj
 0002:00001530       ??_C@_0BC@ICPGPIPB@glPointParameteri@ 0000000140046530     raylib:rcore.obj
 0002:00001548       ??_C@_0BD@LDFNOKAC@glPointParameteriv@ 0000000140046548     raylib:rcore.obj
 0002:00001560       ??_C@_0N@GIAGIGPA@glBeginQuery@ 0000000140046560     raylib:rcore.obj
 0002:00001570       ??_C@_0N@BONEPPLO@glBindBuffer@ 0000000140046570     raylib:rcore.obj
 0002:00001580       ??_C@_0N@JHHJMABP@glBufferData@ 0000000140046580     raylib:rcore.obj
 0002:00001590       ??_C@_0BA@GAJMDBBN@glBufferSubData@ 0000000140046590     raylib:rcore.obj
 0002:000015a0       ??_C@_0BA@DMNLADIO@glDeleteBuffers@ 00000001400465a0     raylib:rcore.obj
 0002:000015b0       ??_C@_0BA@IOKEHMOH@glDeleteQueries@ 00000001400465b0     raylib:rcore.obj
 0002:000015c0       ??_C@_0L@FLEBHIDM@glEndQuery@ 00000001400465c0     raylib:rcore.obj
 0002:000015d0       ??_C@_0N@LAOHBIBA@glGenBuffers@ 00000001400465d0     raylib:rcore.obj
 0002:000015e0       ??_C@_0N@CJIGHHJ@glGenQueries@ 00000001400465e0     raylib:rcore.obj
 0002:000015f0       ??_C@_0BH@BMIEIFJP@glGetBufferParameteriv@ 00000001400465f0     raylib:rcore.obj
 0002:00001608       ??_C@_0BE@KNJEIFMC@glGetBufferPointerv@ 0000000140046608     raylib:rcore.obj
 0002:00001620       ??_C@_0BD@PNDAHMBO@glGetBufferSubData@ 0000000140046620     raylib:rcore.obj
 0002:00001638       ??_C@_0BD@KMBBCJID@glGetQueryObjectiv@ 0000000140046638     raylib:rcore.obj
 0002:00001650       ??_C@_0BE@MNBBKJ@glGetQueryObjectuiv@ 0000000140046650     raylib:rcore.obj
 0002:00001668       ??_C@_0N@BPACPFCI@glGetQueryiv@ 0000000140046668     raylib:rcore.obj
 0002:00001678       ??_C@_0L@KFPDMKNG@glIsBuffer@ 0000000140046678     raylib:rcore.obj
 0002:00001688       ??_C@_09CNNLCEBN@glIsQuery@ 0000000140046688     raylib:rcore.obj
 0002:00001698       ??_C@_0M@NNHDPACA@glMapBuffer@ 0000000140046698     raylib:rcore.obj
 0002:000016a8       ??_C@_0O@OFGHBLEO@glUnmapBuffer@ 00000001400466a8     raylib:rcore.obj
 0002:000016b8       ??_C@_0P@LDMLEABL@glAttachShader@ 00000001400466b8     raylib:rcore.obj
 0002:000016c8       ??_C@_0BF@MHKEFIHM@glBindAttribLocation@ 00000001400466c8     raylib:rcore.obj
 0002:000016e0       ??_C@_0BI@JNHDNJAG@glBlendEquationSeparate@ 00000001400466e0     raylib:rcore.obj
 0002:000016f8       ??_C@_0BA@DGIEGONF@glCompileShader@ 00000001400466f8     raylib:rcore.obj
 0002:00001708       ??_C@_0BA@FLKLHNKP@glCreateProgram@ 0000000140046708     raylib:rcore.obj
 0002:00001718       ??_C@_0P@HGHBNC@glCreateShader@ 0000000140046718     raylib:rcore.obj
 0002:00001728       ??_C@_0BA@NKGCDOPO@glDeleteProgram@ 0000000140046728     raylib:rcore.obj
 0002:00001738       ??_C@_0P@HHCDONAG@glDeleteShader@ 0000000140046738     raylib:rcore.obj
 0002:00001748       ??_C@_0P@DJFJFCJL@glDetachShader@ 0000000140046748     raylib:rcore.obj
 0002:00001758       ??_C@_0BL@NKHLOFFF@glDisableVertexAttribArray@ 0000000140046758     raylib:rcore.obj
 0002:00001778       ??_C@_0O@COHJKDBH@glDrawBuffers@ 0000000140046778     raylib:rcore.obj
 0002:00001788       ??_C@_0BK@EHBAHNHE@glEnableVertexAttribArray@ 0000000140046788     raylib:rcore.obj
 0002:000017a8       ??_C@_0BC@MBALAOHF@glGetActiveAttrib@ 00000001400467a8     raylib:rcore.obj
 0002:000017c0       ??_C@_0BD@NIMHLLKN@glGetActiveUniform@ 00000001400467c0     raylib:rcore.obj
 0002:000017d8       ??_C@_0BF@GHMDGFEM@glGetAttachedShaders@ 00000001400467d8     raylib:rcore.obj
 0002:000017f0       ??_C@_0BE@BEPGJDMM@glGetAttribLocation@ 00000001400467f0     raylib:rcore.obj
 0002:00001808       ??_C@_0BE@DHGHAJFL@glGetProgramInfoLog@ 0000000140046808     raylib:rcore.obj
 0002:00001820       ??_C@_0P@FMMDFLCO@glGetProgramiv@ 0000000140046820     raylib:rcore.obj
 0002:00001830       ??_C@_0BD@GIABBCMO@glGetShaderInfoLog@ 0000000140046830     raylib:rcore.obj
 0002:00001848       ??_C@_0BC@ELEIFJEL@glGetShaderSource@ 0000000140046848     raylib:rcore.obj
 0002:00001860       ??_C@_0O@JBDFPDMG@glGetShaderiv@ 0000000140046860     raylib:rcore.obj
 0002:00001870       ??_C@_0BF@KIOPGICP@glGetUniformLocation@ 0000000140046870     raylib:rcore.obj
 0002:00001888       ??_C@_0P@DFCJIBG@glGetUniformfv@ 0000000140046888     raylib:rcore.obj
 0002:00001898       ??_C@_0P@IAONPCL@glGetUniformiv@ 0000000140046898     raylib:rcore.obj
 0002:000018a8       ??_C@_0BK@DOJMENLD@glGetVertexAttribPointerv@ 00000001400468a8     raylib:rcore.obj
 0002:000018c8       ??_C@_0BE@HDPMJMIN@glGetVertexAttribdv@ 00000001400468c8     raylib:rcore.obj
 0002:000018e0       ??_C@_0BE@HAHIEIOD@glGetVertexAttribfv@ 00000001400468e0     raylib:rcore.obj
[...]
 0002:00044830       $chain$0$chooseImage       0000000140089830     raylib:rglfw.obj
 0002:00044844       $chain$1$chooseImage       0000000140089844     raylib:rglfw.obj
 0002:00044854       $unwind$createIcon         0000000140089854     raylib:rglfw.obj
 0002:00044874       $unwind$applyAspectRatio   0000000140089874     raylib:rglfw.obj
 0002:0004488c       $chain$3$applyAspectRatio  000000014008988c     raylib:rglfw.obj
 0002:000448ac       $chain$4$applyAspectRatio  00000001400898ac     raylib:rglfw.obj
 0002:000448c8       $chain$5$applyAspectRatio  00000001400898c8     raylib:rglfw.obj
 0002:000448d8       $unwind$captureCursor      00000001400898d8     raylib:rglfw.obj
 0002:000448e8       $unwind$cursorInContentArea 00000001400898e8     raylib:rglfw.obj
 0002:000448fc       $unwind$updateWindowStyles 00000001400898fc     raylib:rglfw.obj
 0002:00044914       $unwind$updateFramebufferTransparency 0000000140089914     raylib:rglfw.obj
 0002:0004491c       $chain$0$updateFramebufferTransparency 000000014008991c     raylib:rglfw.obj
 0002:00044930       $chain$1$updateFramebufferTransparency 0000000140089930     raylib:rglfw.obj
 0002:00044940       $unwind$fitToMonitor       0000000140089940     raylib:rglfw.obj
 0002:00044950       $unwind$windowProc         0000000140089950     raylib:rglfw.obj
 0002:0004496c       $chain$1$windowProc        000000014008996c     raylib:rglfw.obj
 0002:00044984       $chain$3$windowProc        0000000140089984     raylib:rglfw.obj
 0002:0004499c       $chain$4$windowProc        000000014008999c     raylib:rglfw.obj
 0002:000449ac       $chain$5$windowProc        00000001400899ac     raylib:rglfw.obj
 0002:000449bc       $unwind$createNativeWindow 00000001400899bc     raylib:rglfw.obj
 0002:000449e0       $unwind$supportsXInput     00000001400899e0     raylib:rglfw.obj
 0002:00044a00       $chain$0$supportsXInput    0000000140089a00     raylib:rglfw.obj
 0002:00044a14       $chain$1$supportsXInput    0000000140089a14     raylib:rglfw.obj
 0002:00044a24       $unwind$deviceObjectCallback 0000000140089a24     raylib:rglfw.obj
 0002:00044a3c       $unwind$deviceCallback     0000000140089a3c     raylib:rglfw.obj
 0002:00044a5c       $chain$1$deviceCallback    0000000140089a5c     raylib:rglfw.obj
 0002:00044a70       $chain$2$deviceCallback    0000000140089a70     raylib:rglfw.obj
 0002:00044a80       $unwind$findPixelFormatAttribValueWGL 0000000140089a80     raylib:rglfw.obj
 0002:00044a94       $unwind$choosePixelFormatWGL 0000000140089a94     raylib:rglfw.obj
 0002:00044ab0       $chain$1$choosePixelFormatWGL 0000000140089ab0     raylib:rglfw.obj
 0002:00044ac8       $chain$0$swapBuffersWGL    0000000140089ac8     raylib:rglfw.obj
 0002:00044adc       $chain$1$swapBuffersWGL    0000000140089adc     raylib:rglfw.obj
 0002:00044aec       $chain$0$swapIntervalWGL   0000000140089aec     raylib:rglfw.obj
 0002:00044b00       $chain$1$swapIntervalWGL   0000000140089b00     raylib:rglfw.obj
 0002:00044b10       $unwind$chooseEGLConfig    0000000140089b10     raylib:rglfw.obj
 0002:00044b24       $chain$4$chooseEGLConfig   0000000140089b24     raylib:rglfw.obj
 0002:00044b44       $chain$5$chooseEGLConfig   0000000140089b44     raylib:rglfw.obj
 0002:00044b60       $chain$6$chooseEGLConfig   0000000140089b60     raylib:rglfw.obj
 0002:00044b78       $chain$0$makeContextCurrentOSMesa 0000000140089b78     raylib:rglfw.obj
 0002:00044b8c       $chain$1$makeContextCurrentOSMesa 0000000140089b8c     raylib:rglfw.obj
 0002:00044b9c       $unwind$__GSHandlerCheckCommon 0000000140089b9c     msvcrt:gshandler.obj
 0002:00044ba8       $xdatasym                  0000000140089ba8     msvcrt:amdsecgs.obj
 0002:00044bac       $unwind$?__scrt_common_main_seh@@YAHXZ 0000000140089bac     msvcrt:exe_main.obj
 0002:00044be4       $unwind$?filt$0@?0??__scrt_common_main_seh@@YAHXZ@4HA 0000000140089be4     msvcrt:exe_main.obj
 0002:00044bec       $unwind$__report_securityfailure 0000000140089bec     msvcrt:gs_report.obj
 0002:00044bf4       $unwind$__report_gsfailure 0000000140089bf4     msvcrt:gs_report.obj
 0002:00044bfc       $unwind$capture_current_context 0000000140089bfc     msvcrt:gs_report.obj
 0002:00044c08       $unwind$capture_previous_context 0000000140089c08     msvcrt:gs_report.obj
 0002:00044c18       $xdatasym                  0000000140089c18     msvcrt:chkstk.obj
 0002:00044c20       $unwind$__isa_available_init 0000000140089c20     msvcrt:cpu_disp.obj
 0002:00044c30       $unwind$__scrt_is_nonwritable_in_current_image 0000000140089c30     msvcrt:utility.obj
 0002:00044c50       $unwind$__scrt_is_nonwritable_in_current_image$filt$0 0000000140089c50     msvcrt:utility.obj
 0002:00044c58       $unwind$__security_init_cookie 0000000140089c58     msvcrt:gs_support.obj
 0002:00044c64       $unwind$__scrt_fastfail    0000000140089c64     msvcrt:utility_desktop.obj
 0002:00044c78       $xdatasym                  0000000140089c78     msvcrt:guard_dispatch.obj
 0002:00044c80       $xdatasym                  0000000140089c80     msvcrt:guard_xfg_dispatch.obj
 0002:000455c2       .idata$6                   000000014008a5c2     gdi32:GDI32.dll
 0002:00045b80       .idata$6                   000000014008ab80     user32:USER32.dll
 0002:00045b9e       .idata$6                   000000014008ab9e     winmm:WINMM.dll
 0002:00045bec       .idata$6                   000000014008abec     shell32:SHELL32.dll
 0002:00045f0e       .idata$6                   000000014008af0e     kernel32:KERNEL32.dll
 0002:00045fa4       .idata$6                   000000014008afa4     vcruntime:VCRUNTIME140.dll
 0002:0004630c       .idata$6                   000000014008b30c     ucrt:api-ms-win-crt-heap-l1-1-0.dll
 0002:0004632c       .idata$6                   000000014008b32c     ucrt:api-ms-win-crt-utility-l1-1-0.dll
 0002:0004634e       .idata$6                   000000014008b34e     ucrt:api-ms-win-crt-time-l1-1-0.dll
 0002:0004636e       .idata$6                   000000014008b36e     ucrt:api-ms-win-crt-math-l1-1-0.dll
 0002:0004638e       .idata$6                   000000014008b38e     ucrt:api-ms-win-crt-runtime-l1-1-0.dll
 0002:000463b0       .idata$6                   000000014008b3b0     ucrt:api-ms-win-crt-stdio-l1-1-0.dll
 0002:000463d0       .idata$6                   000000014008b3d0     ucrt:api-ms-win-crt-string-l1-1-0.dll
 0002:000463f2       .idata$6                   000000014008b3f2     ucrt:api-ms-win-crt-filesystem-l1-1-0.dll
 0002:00046418       .idata$6                   000000014008b418     ucrt:api-ms-win-crt-convert-l1-1-0.dll
 0002:0004643a       .idata$6                   000000014008b43a     ucrt:api-ms-win-crt-locale-l1-1-0.dll
 0003:00004470       GESTURES                   0000000140090470     raylib:rcore.obj
 0003:00004510       autoEventTypeName          0000000140090510     raylib:rcore.obj
 0003:000045d0       stbir__horizontal_gather_1_channels_with_n_coeffs_funcs 00000001400905d0     raylib:rtextures.obj
 0003:000045f0       stbir__horizontal_gather_1_channels_funcs 00000001400905f0     raylib:rtextures.obj
 0003:00004650       stbir__horizontal_gather_2_channels_with_n_coeffs_funcs 0000000140090650     raylib:rtextures.obj
 0003:00004670       stbir__horizontal_gather_2_channels_funcs 0000000140090670     raylib:rtextures.obj
 0003:000046d0       stbir__horizontal_gather_3_channels_with_n_coeffs_funcs 00000001400906d0     raylib:rtextures.obj
 0003:000046f0       stbir__horizontal_gather_3_channels_funcs 00000001400906f0     raylib:rtextures.obj
 0003:00004750       stbir__horizontal_gather_4_channels_with_n_coeffs_funcs 0000000140090750     raylib:rtextures.obj
 0003:00004770       stbir__horizontal_gather_4_channels_funcs 0000000140090770     raylib:rtextures.obj
 0003:000047e0       stbir__horizontal_gather_7_channels_with_n_coeffs_funcs 00000001400907e0     raylib:rtextures.obj
 0003:00004800       stbir__horizontal_gather_7_channels_funcs 0000000140090800     raylib:rtextures.obj
 0003:00004880       stbi__stdio_callbacks      0000000140090880     raylib:rtextures.obj
 0003:00004898       stbi__l2h_gamma            0000000140090898     raylib:rtextures.obj
 0003:0000489c       stbi__l2h_scale            000000014009089c     raylib:rtextures.obj
 0003:000048a0       stbi__h2l_gamma_i          00000001400908a0     raylib:rtextures.obj
 0003:000048a4       stbi__h2l_scale_i          00000001400908a4     raylib:rtextures.obj
 0003:000048a8       first_row_filter           00000001400908a8     raylib:rtextures.obj
 0003:000048b0       ?invalid_chunk@?BP@??stbi__parse_png_file@@9@9 00000001400908b0     raylib:rtextures.obj
 0003:000048d0       ?lengthc@?1??stbi_zlib_compress@@9@9 00000001400908d0     raylib:rtextures.obj
 0003:00004910       ?lengtheb@?1??stbi_zlib_compress@@9@9 0000000140090910     raylib:rtextures.obj
 0003:00004930       ?distc@?1??stbi_zlib_compress@@9@9 0000000140090930     raylib:rtextures.obj
 0003:00004970       ?disteb@?1??stbi_zlib_compress@@9@9 0000000140090970     raylib:rtextures.obj
 0003:00004990       ?crc_table@?1??stbiw__crc32@@9@9 0000000140090990     raylib:rtextures.obj
 0003:00004d90       ?mapping@?1??stbiw__encode_png_line@@9@9 0000000140090d90     raylib:rtextures.obj
 0003:00004da8       ?firstmap@?1??stbiw__encode_png_line@@9@9 0000000140090da8     raylib:rtextures.obj
 0003:00004dc0       stb__perlin_randtab        0000000140090dc0     raylib:rtextures.obj
 0003:00004fc0       stb__perlin_randtab_grad_idx 0000000140090fc0     raylib:rtextures.obj
 0003:000051c0       ?basis@?1??stb__perlin_grad@@9@9 00000001400911c0     raylib:rtextures.obj
 0003:00005280       stbir__type_size           0000000140091280     raylib:rtextures.obj
 0003:00005290       stbir__srgb_uchar_to_linear_float 0000000140091290     raylib:rtextures.obj
 0003:00005690       stbir__edge_wrap_slow      0000000140091690     raylib:rtextures.obj
 0003:000056b0       stbir__vertical_gathers    00000001400916b0     raylib:rtextures.obj
 0003:000056f0       stbir__vertical_gathers_continues 00000001400916f0     raylib:rtextures.obj
 0003:00005730       stbir__vertical_scatter_sets 0000000140091730     raylib:rtextures.obj
 0003:00005770       stbir__vertical_scatter_blends 0000000140091770     raylib:rtextures.obj
 0003:000057b0       stbir__builtin_kernels     00000001400917b0     raylib:rtextures.obj
 0003:000057e8       stbir__builtin_supports    00000001400917e8     raylib:rtextures.obj
 0003:00005820       stbir__horizontal_gather_n_coeffs_funcs 0000000140091820     raylib:rtextures.obj
 0003:00005860       stbir__horizontal_gather_channels_funcs 0000000140091860     raylib:rtextures.obj
 0003:000058a0       stbir__compute_weights     00000001400918a0     raylib:rtextures.obj
 0003:00005b20       stbir__pixel_channels      0000000140091b20     raylib:rtextures.obj
 0003:00005b40       stbir__pixel_layout_convert_public_to_internal 0000000140091b40     raylib:rtextures.obj
 0003:00005b88       ?stbir_channel_count_index@?1??stbir__alloc_internal_mem_and_build_samplers@@9@9 0000000140091b88     raylib:rtextures.obj
 0003:00005b90       ?fancy_alpha_effective_cnts@?5??stbir__alloc_internal_mem_and_build_samplers@@9@9 0000000140091b90     raylib:rtextures.obj
 0003:00005ba8       ?fancy_alpha_weights@?L@??stbir__alloc_internal_mem_and_build_samplers@@9@9 0000000140091ba8     raylib:rtextures.obj
 0003:00005bd8       ?fancy_alpha_unweights@?L@??stbir__alloc_internal_mem_and_build_samplers@@9@9 0000000140091bd8     raylib:rtextures.obj
 0003:00005c08       ?simple_alpha_weights@?L@??stbir__alloc_internal_mem_and_build_samplers@@9@9 0000000140091c08     raylib:rtextures.obj
 0003:00005c38       ?simple_alpha_unweights@?L@??stbir__alloc_internal_mem_and_build_samplers@@9@9 0000000140091c38     raylib:rtextures.obj
 0003:00005c68       ?decode_simple@?1??stbir__update_info_from_resize@@9@9 0000000140091c68     raylib:rtextures.obj
 0003:00005c90       ?decode_alphas@?1??stbir__update_info_from_resize@@9@9 0000000140091c90     raylib:rtextures.obj
 0003:00005d80       ?decode_simple_scaled_or_not@?1??stbir__update_info_from_resize@@9@9 0000000140091d80     raylib:rtextures.obj
 0003:00005da0       ?decode_alphas_scaled_or_not@?1??stbir__update_info_from_resize@@9@9 0000000140091da0     raylib:rtextures.obj
 0003:00005e60       ?encode_simple@?1??stbir__update_info_from_resize@@9@9 0000000140091e60     raylib:rtextures.obj
 0003:00005e90       ?encode_alphas@?1??stbir__update_info_from_resize@@9@9 0000000140091e90     raylib:rtextures.obj
 0003:00005f80       ?encode_simple_scaled_or_not@?1??stbir__update_info_from_resize@@9@9 0000000140091f80     raylib:rtextures.obj
 0003:00005fa0       ?encode_alphas_scaled_or_not@?1??stbir__update_info_from_resize@@9@9 0000000140091fa0     raylib:rtextures.obj
 0003:00006060       m3d_propertytypes          0000000140092060     raylib:rmodels.obj
 0003:00006090       m3d_commandtypes           0000000140092090     raylib:rmodels.obj
 0003:000061f0       _m3dstbi__zlength_base     00000001400921f0     raylib:rmodels.obj
 0003:00006270       _m3dstbi__zlength_extra    0000000140092270     raylib:rmodels.obj
 0003:000062f0       _m3dstbi__zdist_base       00000001400922f0     raylib:rmodels.obj
 0003:00006370       _m3dstbi__zdist_extra      0000000140092370     raylib:rmodels.obj
 0003:000063f0       ?length_dezigzag@?1??_m3dstbi__compute_huffman_codes@@9@9 00000001400923f0     raylib:rmodels.obj
 0003:00006408       ?png_sig@?1??_m3dstbi__check_png_header@@9@9 0000000140092408     raylib:rmodels.obj
 0003:00006410       first_row_filter           0000000140092410     raylib:rmodels.obj
 0003:00006418       _m3dstbi__depth_scale_table 0000000140092418     raylib:rmodels.obj
 0003:00006424       par_shapes__epsilon_welded_normals 0000000140092424     raylib:rmodels.obj
 0003:00006428       par_shapes__epsilon_degenerate_sphere 0000000140092428     raylib:rmodels.obj
 0003:00006430       ?verts@?1??par_shapes_create_icosahedron@@9@9 0000000140092430     raylib:rmodels.obj
 0003:000064c0       ?faces@?1??par_shapes_create_icosahedron@@9@9 00000001400924c0     raylib:rmodels.obj
 0003:00006540       ?verts@?1??par_shapes_create_dodecahedron@@9@9 0000000140092540     raylib:rmodels.obj
 0003:00006630       ?pentagons@?1??par_shapes_create_dodecahedron@@9@9 0000000140092630     raylib:rmodels.obj
 0003:000066b0       ?verts@?1??par_shapes_create_octahedron@@9@9 00000001400926b0     raylib:rmodels.obj
 0003:000066f8       ?triangles@?1??par_shapes_create_octahedron@@9@9 00000001400926f8     raylib:rmodels.obj
 0003:00006728       ?verts@?1??par_shapes_create_tetrahedron@@9@9 0000000140092728     raylib:rmodels.obj
 0003:00006758       ?triangles@?1??par_shapes_create_tetrahedron@@9@9 0000000140092758     raylib:rmodels.obj
 0003:00006770       ?verts@?1??par_shapes_create_cube@@9@9 0000000140092770     raylib:rmodels.obj
 0003:000067d0       ?quads@?1??par_shapes_create_cube@@9@9 00000001400927d0     raylib:rmodels.obj
 0003:00006800       logTypeLevel               0000000140092800     raylib:utils.obj
 0003:00006830       textLineSpacing            0000000140092830     raylib:rtext.obj
 0003:00007fd0       _glfwObjectDataFormats     0000000140093fd0     raylib:rglfw.obj
 0003:000083f0       _glfwInitHints             00000001400943f0     raylib:rglfw.obj
 0003:0000b170       RLGL                       0000000140097170     raylib:rcore.obj
 0003:0000bc10       rprand_seed                0000000140097c10     raylib:rcore.obj
 0003:0000bc18       rprand_state               0000000140097c18     raylib:rcore.obj
 0003:0000bc28       screenshotCounter          0000000140097c28     raylib:rcore.obj
 0003:0000bc2c       automationEventRecording   0000000140097c2c     raylib:rcore.obj
 0003:0000bc30       currentEventList           0000000140097c30     raylib:rcore.obj
 0003:0000bc38       platform                   0000000140097c38     raylib:rcore.obj
 0003:0000bc40       ?index@?1??GetFPS@@9@9     0000000140097c40     raylib:rcore.obj
 0003:0000bc44       ?average@?1??GetFPS@@9@9   0000000140097c44     raylib:rcore.obj
 0003:0000bc48       ?last@?1??GetFPS@@9@9      0000000140097c48     raylib:rcore.obj
 0003:0000bc50       ?history@?1??GetFPS@@9@9   0000000140097c50     raylib:rcore.obj
 0003:0000bcd0       ?fileName@?1??GetFileNameWithoutExt@@9@9 0000000140097cd0     raylib:rcore.obj
 0003:0000bdd0       ?dirPath@?1??GetDirectoryPath@@9@9 0000000140097dd0     raylib:rcore.obj
 0003:0000cdd0       ?prevDirPath@?1??GetPrevDirectoryPath@@9@9 0000000140098dd0     raylib:rcore.obj
 0003:0000ddd0       ?currentDir@?1??GetWorkingDirectory@@9@9 0000000140099dd0     raylib:rcore.obj
 0003:0000edd0       ?appDir@?1??GetApplicationDirectory@@9@9 000000014009add0     raylib:rcore.obj
 0003:0000fdd0       ?path@?1??ScanDirectoryFiles@@9@9 000000014009bdd0     raylib:rcore.obj
 0003:00010dd0       stbi__g_failure_reason     000000014009cdd0     raylib:rtextures.obj
 0003:00010dd8       stbi__vertically_flip_on_load_global 000000014009cdd8     raylib:rtextures.obj
 0003:00010ddc       stbi__unpremultiply_on_load_global 000000014009cddc     raylib:rtextures.obj
 0003:00010de0       stbi__de_iphone_flag_global 000000014009cde0     raylib:rtextures.obj
 0003:00010de4       stbi__flip_vertically_on_write 000000014009cde4     raylib:rtextures.obj
 0003:00010df0       _m3dstbi__g_failure_reason 000000014009cdf0     raylib:rmodels.obj
 0003:00010e00       _m3dstbi__zdefault_length  000000014009ce00     raylib:rmodels.obj
 0003:00010f20       _m3dstbi__zdefault_distance 000000014009cf20     raylib:rmodels.obj
 0003:00010f40       par_shapes__sort_context   000000014009cf40     raylib:rmodels.obj
 0003:00010f50       traceLog                   000000014009cf50     raylib:utils.obj
 0003:00010f58       loadFileData               000000014009cf58     raylib:utils.obj
 0003:00010f60       saveFileData               000000014009cf60     raylib:utils.obj
 0003:00010f68       loadFileText               000000014009cf68     raylib:utils.obj
 0003:00010f70       saveFileText               000000014009cf70     raylib:utils.obj
 0003:00010f80       defaultFont                000000014009cf80     raylib:rtext.obj
 0003:00010fb0       ?buffers@?1??TextFormat@@9@9 000000014009cfb0     raylib:rtext.obj
 0003:00011fb0       ?index@?1??TextFormat@@9@9 000000014009dfb0     raylib:rtext.obj
 0003:00011fb4       ?utf8@?1??CodepointToUTF8@@9@9 000000014009dfb4     raylib:rtext.obj
 0003:00011fc0       ?buffer@?1??TextSubtext@@9@9 000000014009dfc0     raylib:rtext.obj
 0003:000123c0       ?buffer@?1??TextJoin@@9@9  000000014009e3c0     raylib:rtext.obj
 0003:000127c0       ?result@?1??TextSplit@@9@9 000000014009e7c0     raylib:rtext.obj
 0003:00012bc0       ?buffer@?1??TextSplit@@9@9 000000014009ebc0     raylib:rtext.obj
 0003:00012fc0       ?buffer@?1??TextToUpper@@9@9 000000014009efc0     raylib:rtext.obj
 0003:000133c0       ?buffer@?1??TextToLower@@9@9 000000014009f3c0     raylib:rtext.obj
 0003:000137c0       ?buffer@?1??TextToPascal@@9@9 000000014009f7c0     raylib:rtext.obj
 0003:00016698       _glfwErrorCallback         00000001400a2698     raylib:rglfw.obj
 0003:000166a0       _glfwMainThreadError       00000001400a26a0     raylib:rglfw.obj
 0003:00016ab0       _glfwInitAllocator         00000001400a2ab0     raylib:rglfw.obj
 0003:00016ad0       GS_ExceptionRecord         00000001400a2ad0     msvcrt:gs_report.obj
 0003:00016b70       GS_ContextRecord           00000001400a2b70     msvcrt:gs_report.obj
 0003:00017058       ?is_initialized_as_dll@@3_NA 00000001400a3058     msvcrt:utility.obj
 0003:00017059       ?module_local_atexit_table_initialized@@3_NA 00000001400a3059     msvcrt:utility.obj
 0003:00017060       ?module_local_atexit_table@@3U_onexit_table_t@@A 00000001400a3060     msvcrt:utility.obj
 0003:00017078       ?module_local_at_quick_exit_table@@3U_onexit_table_t@@A 00000001400a3078     msvcrt:utility.obj
